<html>
<body>
<pre>
<h1>µVision Build Log</h1>
<h2>Tool Versions:</h2>
IDE-Version: ¦ÌVision V5.41.0.0
Copyright (C) 2024 ARM Ltd and ARM Germany GmbH. All rights reserved.
License Information: 1 8613626021079, 1, LIC=WHYH9-49048-X7RRZ-JDXHW-4AUNC-7FDJY
 
Tool Versions:
Toolchain:       MDK-ARM Plus  Version: 5.41.0.0
Toolchain Path:  D:\keil5\ARM\ARMCLANG\Bin
C Compiler:      ArmClang.exe V6.22
Assembler:       Armasm.exe V6.22
Linker/Locator:  ArmLink.exe V6.22
Library Manager: ArmAr.exe V6.22
Hex Converter:   FromElf.exe V6.22
CPU DLL:         SARMCM3.DLL V5.41.0.0
Dialog DLL:      DCM.DLL V1.17.5.0
Target DLL:      STLink\ST-LINKIII-KEIL_SWO.dll V3.3.0.0
Dialog DLL:      TCM.DLL V1.56.4.0
 
<h2>Project:</h2>
D:\Code\Demo\OTA\MDK-ARM\OTA.uvprojx
Project File Date:  09/13/2026

<h2>Output:</h2>
*** Using Compiler 'V6.22', folder: 'D:\keil5\ARM\ARMCLANG\Bin'
Build target 'OTA'
compiling stm32f7xx_it.c...
../APP/Src/boot.c(164): warning: passing 'uint8_t[8]' (aka 'unsigned char[8]') to parameter of type 'const char *' converts between pointers to integer types where one is of the unique plain 'char' type and the other is not [-Wpointer-sign]
  164 |             if (!strcmp(Cmd_Buf, "w")) 
      |                         ^~~~~~~
D:\keil5\ARM\ARMCLANG\bin\..\include\string.h(125): note: passing argument to parameter here
  125 | extern _ARMABI int strcmp(const char * /*s1*/, const char * /*s2*/) __attribute__((__nonnull__(1,2)));
      |                                              ^
../APP/Src/boot.c(199): warning: passing 'uint8_t[8]' (aka 'unsigned char[8]') to parameter of type 'const char *' converts between pointers to integer types where one is of the unique plain 'char' type and the other is not [-Wpointer-sign]
  199 |             if (!strcmp(Cmd_Buf, "1")) {
      |                         ^~~~~~~
D:\keil5\ARM\ARMCLANG\bin\..\include\string.h(125): note: passing argument to parameter here
  125 | extern _ARMABI int strcmp(const char * /*s1*/, const char * /*s2*/) __attribute__((__nonnull__(1,2)));
      |                                              ^
../APP/Src/boot.c(209): warning: passing 'uint8_t[8]' (aka 'unsigned char[8]') to parameter of type 'const char *' converts between pointers to integer types where one is of the unique plain 'char' type and the other is not [-Wpointer-sign]
  209 |             else if (!strcmp(Cmd_Buf, "2")) {
      |                              ^~~~~~~
D:\keil5\ARM\ARMCLANG\bin\..\include\string.h(125): note: passing argument to parameter here
  125 | extern _ARMABI int strcmp(const char * /*s1*/, const char * /*s2*/) __attribute__((__nonnull__(1,2)));
      |                                              ^
../APP/Src/boot.c(222): warning: passing 'uint8_t[8]' (aka 'unsigned char[8]') to parameter of type 'const char *' converts between pointers to integer types where one is of the unique plain 'char' type and the other is not [-Wpointer-sign]
  222 |             else if (!strcmp(Cmd_Buf, "3")) {
      |                              ^~~~~~~
D:\keil5\ARM\ARMCLANG\bin\..\include\string.h(125): note: passing argument to parameter here
  125 | extern _ARMABI int strcmp(const char * /*s1*/, const char * /*s2*/) __attribute__((__nonnull__(1,2)));
      |                                              ^
../APP/Src/boot.c(226): warning: passing 'uint8_t[8]' (aka 'unsigned char[8]') to parameter of type 'const char *' converts between pointers to integer types where one is of the unique plain 'char' type and the other is not [-Wpointer-sign]
  226 |             else if (!strcmp(Cmd_Buf, "4")) {
      |                              ^~~~~~~
D:\keil5\ARM\ARMCLANG\bin\..\include\string.h(125): note: passing argument to parameter here
  125 | extern _ARMABI int strcmp(const char * /*s1*/, const char * /*s2*/) __attribute__((__nonnull__(1,2)));
      |                                              ^
../APP/Src/boot.c(234): warning: passing 'uint8_t[8]' (aka 'unsigned char[8]') to parameter of type 'const char *' converts between pointers to integer types where one is of the unique plain 'char' type and the other is not [-Wpointer-sign]
  234 |             else if (!strcmp(Cmd_Buf, "7")) {
      |                              ^~~~~~~
D:\keil5\ARM\ARMCLANG\bin\..\include\string.h(125): note: passing argument to parameter here
  125 | extern _ARMABI int strcmp(const char * /*s1*/, const char * /*s2*/) __attribute__((__nonnull__(1,2)));
      |                                              ^
../APP/Src/boot.c(275): warning: incompatible pointer types passing 'uint8_t (*)[1024]' (aka 'unsigned char (*)[1024]') to parameter of type 'uint32_t *' (aka 'unsigned int *') [-Wincompatible-pointer-types]
  275 |                             &UpdataA_CB.Upadtabuf, BUFSIZE / 4);
      |                             ^~~~~~~~~~~~~~~~~~~~~
../BSP/Inc\bsp_internal_flash.h(10): note: passing argument to parameter 'pdata' here
   10 | HAL_StatusTypeDef Bsp_Internal_Flash_Write(uint32_t addr, uint32_t *pdata, uint32_t size);
      |                                                                     ^
../APP/Src/boot.c(286): warning: incompatible pointer types passing 'uint8_t (*)[1024]' (aka 'unsigned char (*)[1024]') to parameter of type 'uint32_t *' (aka 'unsigned int *') [-Wincompatible-pointer-types]
  286 |                         &UpdataA_CB.Upadtabuf, (UpdataA_CB.XmodemNB % (BUFSIZE / Valid_Data) * Valid_Data) / 4);
      |                         ^~~~~~~~~~~~~~~~~~~~~
../BSP/Inc\bsp_internal_flash.h(10): note: passing argument to parameter 'pdata' here
   10 | HAL_StatusTypeDef Bsp_Internal_Flash_Write(uint32_t addr, uint32_t *pdata, uint32_t size);
      |                                                                     ^
../APP/Src/boot.c(297): warning: incompatible pointer types passing 'uint8_t (*)[27]' (aka 'unsigned char (*)[27]') to parameter of type 'uint8_t *' (aka 'unsigned char *') [-Wincompatible-pointer-types]
  297 |             Circular_Buf_Take(Rx_Cir_BufHandle, &RX_OTAVerBuf);     //<BD><D3><CA><D5><CA><FD><BE><DD>
      |                                                 ^~~~~~~~~~~~~
../Core/Inc\circular_buf.h(19): note: passing argument to parameter 'buf' here
   19 | void Circular_Buf_Take(circular_buf_t *cir_buf, uint8_t *buf);
      |                                                          ^
9 warnings generated.
compiling boot.c...
linking...
Program Size: Code=20360 RO-data=1296 RW-data=16 ZI-data=4792  
FromELF: creating hex file...
"OTA\OTA.axf" - 0 Error(s), 9 Warning(s).

<h2>Software Packages used:</h2>

Package Vendor: ARM
                https://www.keil.com/pack/ARM.CMSIS.6.1.0.pack
                ARM::CMSIS@6.1.0
                CMSIS (Common Microcontroller Software Interface Standard)
   * Component: CORE Version: 6.1.0

Package Vendor: Keil
                https://www.keil.com/pack/Keil.STM32F7xx_DFP.3.1.1.pack
                Keil::STM32F7xx_DFP@3.1.1
                STMicroelectronics STM32F7 Series Device Support

<h2>Collection of Component include folders:</h2>
  ./RTE/_OTA
  D:/keil_Pack/Pack/ARM/CMSIS/6.1.0/CMSIS/Core/Include

<h2>Collection of Component Files used:</h2>

   * Component: ARM::CMSIS:CORE@6.1.0
      Include file:  CMSIS/Core/Include/tz_context.h
Build Time Elapsed:  00:00:01
</pre>
</body>
</html>
