Component: Arm Compiler for Embedded 6.22 Tool: armlink [5ee90200]

==============================================================================

Section Cross References

    startup_stm32f767xx.o(RESET) refers to startup_stm32f767xx.o(STACK) for __initial_sp
    startup_stm32f767xx.o(RESET) refers to startup_stm32f767xx.o(.text) for Reset_Handler
    startup_stm32f767xx.o(RESET) refers to stm32f7xx_it.o(.text.NMI_Handler) for NMI_Handler
    startup_stm32f767xx.o(RESET) refers to stm32f7xx_it.o(.text.HardFault_Handler) for HardFault_Handler
    startup_stm32f767xx.o(RESET) refers to stm32f7xx_it.o(.text.MemManage_Handler) for MemManage_Handler
    startup_stm32f767xx.o(RESET) refers to stm32f7xx_it.o(.text.BusFault_Handler) for BusFault_Handler
    startup_stm32f767xx.o(RESET) refers to stm32f7xx_it.o(.text.UsageFault_Handler) for UsageFault_Handler
    startup_stm32f767xx.o(RESET) refers to stm32f7xx_it.o(.text.SVC_Handler) for SVC_Handler
    startup_stm32f767xx.o(RESET) refers to stm32f7xx_it.o(.text.DebugMon_Handler) for DebugMon_Handler
    startup_stm32f767xx.o(RESET) refers to stm32f7xx_it.o(.text.PendSV_Handler) for PendSV_Handler
    startup_stm32f767xx.o(RESET) refers to stm32f7xx_it.o(.text.SysTick_Handler) for SysTick_Handler
    startup_stm32f767xx.o(RESET) refers to stm32f7xx_it.o(.text.USART1_IRQHandler) for USART1_IRQHandler
    startup_stm32f767xx.o(RESET) refers to stm32f7xx_it.o(.text.DMA2_Stream2_IRQHandler) for DMA2_Stream2_IRQHandler
    startup_stm32f767xx.o(.text) refers to system_stm32f7xx.o(.text.SystemInit) for SystemInit
    startup_stm32f767xx.o(.text) refers to entry.o(.ARM.Collect$$$$00000000) for __main
    circular_buf.o(.ARM.exidx.text.Circular_Buf_Init) refers to circular_buf.o(.text.Circular_Buf_Init) for [Anonymous Symbol]
    circular_buf.o(.ARM.exidx.text.Circular_Buf_Put_1B) refers to circular_buf.o(.text.Circular_Buf_Put_1B) for [Anonymous Symbol]
    circular_buf.o(.ARM.exidx.text.Circular_Buf_Put) refers to circular_buf.o(.text.Circular_Buf_Put) for [Anonymous Symbol]
    circular_buf.o(.ARM.exidx.text.Circular_Buf_Take) refers to circular_buf.o(.text.Circular_Buf_Take) for [Anonymous Symbol]
    main.o(.text.main) refers to stm32f7xx_hal.o(.text.HAL_Init) for HAL_Init
    main.o(.text.main) refers to main.o(.text.SystemClock_Config) for SystemClock_Config
    main.o(.text.main) refers to gpio.o(.text.MX_GPIO_Init) for MX_GPIO_Init
    main.o(.text.main) refers to dma.o(.text.MX_DMA_Init) for MX_DMA_Init
    main.o(.text.main) refers to i2c.o(.text.MX_I2C2_Init) for MX_I2C2_Init
    main.o(.text.main) refers to usart.o(.text.MX_USART1_UART_Init) for MX_USART1_UART_Init
    main.o(.text.main) refers to spi.o(.text.MX_SPI1_Init) for MX_SPI1_Init
    main.o(.text.main) refers to system.o(.text.DWT_Delay_Init) for DWT_Delay_Init
    main.o(.text.main) refers to puts.o(i.puts) for puts
    main.o(.text.main) refers to stm32f7xx_hal.o(.text.HAL_Delay) for HAL_Delay
    main.o(.text.main) refers to bsp_w25q256.o(.text.Bsp_W25q64_ReadId) for Bsp_W25q64_ReadId
    main.o(.text.main) refers to bsp_w25q256.o(.text.Bsp_W25q256_Erasure_Sector) for Bsp_W25q256_Erasure_Sector
    main.o(.text.main) refers to bsp_w25q256.o(.text.Bsp_W25q256_Write_Page) for Bsp_W25q256_Write_Page
    main.o(.text.main) refers to bsp_w25q256.o(.text.Bsp_W25q256_Read_page) for Bsp_W25q256_Read_page
    main.o(.text.main) refers to printf8.o(i.__0printf$8) for __2printf
    main.o(.text.main) refers to usart.o(.bss.Rx_Cir_BufHandle) for Rx_Cir_BufHandle
    main.o(.text.main) refers to usart.o(.bss.rx_cir_buf) for rx_cir_buf
    main.o(.text.main) refers to circular_buf.o(.text.Circular_Buf_Init) for Circular_Buf_Init
    main.o(.text.main) refers to usart.o(.bss.huart1) for huart1
    main.o(.text.main) refers to usart.o(.bss.dma_buf) for dma_buf
    main.o(.text.main) refers to stm32f7xx_hal_uart.o(.text.HAL_UART_Receive_DMA) for HAL_UART_Receive_DMA
    main.o(.ARM.exidx.text.main) refers to main.o(.text.main) for [Anonymous Symbol]
    main.o(.text.SystemClock_Config) refers to memseta.o(.text) for __aeabi_memclr4
    main.o(.text.SystemClock_Config) refers to stm32f7xx_hal_pwr.o(.text.HAL_PWR_EnableBkUpAccess) for HAL_PWR_EnableBkUpAccess
    main.o(.text.SystemClock_Config) refers to stm32f7xx_hal_rcc.o(.text.HAL_RCC_OscConfig) for HAL_RCC_OscConfig
    main.o(.text.SystemClock_Config) refers to stm32f7xx_hal_pwr_ex.o(.text.HAL_PWREx_EnableOverDrive) for HAL_PWREx_EnableOverDrive
    main.o(.text.SystemClock_Config) refers to stm32f7xx_hal_rcc.o(.text.HAL_RCC_ClockConfig) for HAL_RCC_ClockConfig
    main.o(.ARM.exidx.text.SystemClock_Config) refers to main.o(.text.SystemClock_Config) for [Anonymous Symbol]
    main.o(.ARM.exidx.text.Error_Handler) refers to main.o(.text.Error_Handler) for [Anonymous Symbol]
    gpio.o(.text.MX_GPIO_Init) refers to stm32f7xx_hal_gpio.o(.text.HAL_GPIO_WritePin) for HAL_GPIO_WritePin
[...]
    Removing stm32f7xx_hal_uart.o(.text.HAL_LIN_Init), (132 bytes).
    Removing stm32f7xx_hal_uart.o(.ARM.exidx.text.HAL_LIN_Init), (8 bytes).
    Removing stm32f7xx_hal_uart.o(.text.HAL_MultiProcessor_Init), (128 bytes).
    Removing stm32f7xx_hal_uart.o(.ARM.exidx.text.HAL_MultiProcessor_Init), (8 bytes).
    Removing stm32f7xx_hal_uart.o(.text.HAL_UART_DeInit), (58 bytes).
    Removing stm32f7xx_hal_uart.o(.ARM.exidx.text.HAL_UART_DeInit), (8 bytes).
    Removing stm32f7xx_hal_uart.o(.text.HAL_UART_MspDeInit), (2 bytes).
    Removing stm32f7xx_hal_uart.o(.ARM.exidx.text.HAL_UART_MspDeInit), (8 bytes).
    Removing stm32f7xx_hal_uart.o(.ARM.exidx.text.HAL_UART_Transmit), (8 bytes).
    Removing stm32f7xx_hal_uart.o(.ARM.exidx.text.UART_WaitOnFlagUntilTimeout), (8 bytes).
    Removing stm32f7xx_hal_uart.o(.text.HAL_UART_Receive), (228 bytes).
    Removing stm32f7xx_hal_uart.o(.ARM.exidx.text.HAL_UART_Receive), (8 bytes).
    Removing stm32f7xx_hal_uart.o(.text.HAL_UART_Transmit_IT), (104 bytes).
    Removing stm32f7xx_hal_uart.o(.ARM.exidx.text.HAL_UART_Transmit_IT), (8 bytes).
    Removing stm32f7xx_hal_uart.o(.text.UART_TxISR_16BIT), (86 bytes).
    Removing stm32f7xx_hal_uart.o(.ARM.exidx.text.UART_TxISR_16BIT), (8 bytes).
    Removing stm32f7xx_hal_uart.o(.text.UART_TxISR_8BIT), (82 bytes).
    Removing stm32f7xx_hal_uart.o(.ARM.exidx.text.UART_TxISR_8BIT), (8 bytes).
    Removing stm32f7xx_hal_uart.o(.text.HAL_UART_Receive_IT), (78 bytes).
    Removing stm32f7xx_hal_uart.o(.ARM.exidx.text.HAL_UART_Receive_IT), (8 bytes).
    Removing stm32f7xx_hal_uart.o(.text.UART_Start_Receive_IT), (186 bytes).
    Removing stm32f7xx_hal_uart.o(.ARM.exidx.text.UART_Start_Receive_IT), (8 bytes).
    Removing stm32f7xx_hal_uart.o(.text.HAL_UART_Transmit_DMA), (162 bytes).
    Removing stm32f7xx_hal_uart.o(.ARM.exidx.text.HAL_UART_Transmit_DMA), (8 bytes).
    Removing stm32f7xx_hal_uart.o(.text.UART_DMATransmitCplt), (62 bytes).
    Removing stm32f7xx_hal_uart.o(.ARM.exidx.text.UART_DMATransmitCplt), (8 bytes).
    Removing stm32f7xx_hal_uart.o(.text.UART_DMATxHalfCplt), (6 bytes).
    Removing stm32f7xx_hal_uart.o(.ARM.exidx.text.UART_DMATxHalfCplt), (8 bytes).
    Removing stm32f7xx_hal_uart.o(.ARM.exidx.text.UART_DMAError), (8 bytes).
    Removing stm32f7xx_hal_uart.o(.ARM.exidx.text.HAL_UART_Receive_DMA), (8 bytes).
    Removing stm32f7xx_hal_uart.o(.text.UART_Start_Receive_DMA), (160 bytes).
    Removing stm32f7xx_hal_uart.o(.ARM.exidx.text.UART_Start_Receive_DMA), (8 bytes).
    Removing stm32f7xx_hal_uart.o(.text.HAL_UART_DMAPause), (120 bytes).
    Removing stm32f7xx_hal_uart.o(.ARM.exidx.text.HAL_UART_DMAPause), (8 bytes).
    Removing stm32f7xx_hal_uart.o(.text.HAL_UART_DMAResume), (116 bytes).
    Removing stm32f7xx_hal_uart.o(.ARM.exidx.text.HAL_UART_DMAResume), (8 bytes).
    Removing stm32f7xx_hal_uart.o(.ARM.exidx.text.HAL_UART_DMAStop), (8 bytes).
    Removing stm32f7xx_hal_uart.o(.text.HAL_UART_Abort), (228 bytes).
    Removing stm32f7xx_hal_uart.o(.ARM.exidx.text.HAL_UART_Abort), (8 bytes).
    Removing stm32f7xx_hal_uart.o(.text.HAL_UART_AbortTransmit), (100 bytes).
    Removing stm32f7xx_hal_uart.o(.ARM.exidx.text.HAL_UART_AbortTransmit), (8 bytes).
    Removing stm32f7xx_hal_uart.o(.text.HAL_UART_AbortReceive), (164 bytes).
    Removing stm32f7xx_hal_uart.o(.ARM.exidx.text.HAL_UART_AbortReceive), (8 bytes).
    Removing stm32f7xx_hal_uart.o(.text.HAL_UART_Abort_IT), (270 bytes).
    Removing stm32f7xx_hal_uart.o(.ARM.exidx.text.HAL_UART_Abort_IT), (8 bytes).
    Removing stm32f7xx_hal_uart.o(.text.UART_DMATxAbortCallback), (52 bytes).
    Removing stm32f7xx_hal_uart.o(.ARM.exidx.text.UART_DMATxAbortCallback), (8 bytes).
    Removing stm32f7xx_hal_uart.o(.text.UART_DMARxAbortCallback), (60 bytes).
    Removing stm32f7xx_hal_uart.o(.ARM.exidx.text.UART_DMARxAbortCallback), (8 bytes).
    Removing stm32f7xx_hal_uart.o(.text.HAL_UART_AbortCpltCallback), (2 bytes).
    Removing stm32f7xx_hal_uart.o(.ARM.exidx.text.HAL_UART_AbortCpltCallback), (8 bytes).
    Removing stm32f7xx_hal_uart.o(.text.HAL_UART_AbortTransmit_IT), (106 bytes).
    Removing stm32f7xx_hal_uart.o(.ARM.exidx.text.HAL_UART_AbortTransmit_IT), (8 bytes).
    Removing stm32f7xx_hal_uart.o(.text.UART_DMATxOnlyAbortCallback), (16 bytes).
    Removing stm32f7xx_hal_uart.o(.ARM.exidx.text.UART_DMATxOnlyAbortCallback), (8 bytes).
    Removing stm32f7xx_hal_uart.o(.text.HAL_UART_AbortTransmitCpltCallback), (2 bytes).
    Removing stm32f7xx_hal_uart.o(.ARM.exidx.text.HAL_UART_AbortTransmitCpltCallback), (8 bytes).
    Removing stm32f7xx_hal_uart.o(.text.HAL_UART_AbortReceive_IT), (196 bytes).
    Removing stm32f7xx_hal_uart.o(.ARM.exidx.text.HAL_UART_AbortReceive_IT), (8 bytes).
    Removing stm32f7xx_hal_uart.o(.text.UART_DMARxOnlyAbortCallback), (34 bytes).
    Removing stm32f7xx_hal_uart.o(.ARM.exidx.text.UART_DMARxOnlyAbortCallback), (8 bytes).
    Removing stm32f7xx_hal_uart.o(.text.HAL_UART_AbortReceiveCpltCallback), (2 bytes).
    Removing stm32f7xx_hal_uart.o(.ARM.exidx.text.HAL_UART_AbortReceiveCpltCallback), (8 bytes).
    Removing stm32f7xx_hal_uart.o(.ARM.exidx.text.HAL_UART_IRQHandler), (8 bytes).
    Removing stm32f7xx_hal_uart.o(.ARM.exidx.text.UART_DMAAbortOnError), (8 bytes).
    Removing stm32f7xx_hal_uart.o(.ARM.exidx.text.HAL_UART_ErrorCallback), (8 bytes).
    Removing stm32f7xx_hal_uart.o(.ARM.exidx.text.HAL_UARTEx_RxEventCallback), (8 bytes).
    Removing stm32f7xx_hal_uart.o(.ARM.exidx.text.HAL_UARTEx_WakeupCallback), (8 bytes).
    Removing stm32f7xx_hal_uart.o(.ARM.exidx.text.HAL_UART_TxCpltCallback), (8 bytes).
    Removing stm32f7xx_hal_uart.o(.text.HAL_UART_TxHalfCpltCallback), (2 bytes).
    Removing stm32f7xx_hal_uart.o(.ARM.exidx.text.HAL_UART_TxHalfCpltCallback), (8 bytes).
    Removing stm32f7xx_hal_uart.o(.ARM.exidx.text.HAL_UART_RxCpltCallback), (8 bytes).
    Removing stm32f7xx_hal_uart.o(.ARM.exidx.text.HAL_UART_RxHalfCpltCallback), (8 bytes).
    Removing stm32f7xx_hal_uart.o(.text.HAL_UART_ReceiverTimeout_Config), (14 bytes).
    Removing stm32f7xx_hal_uart.o(.ARM.exidx.text.HAL_UART_ReceiverTimeout_Config), (8 bytes).
    Removing stm32f7xx_hal_uart.o(.text.HAL_UART_EnableReceiverTimeout), (46 bytes).
    Removing stm32f7xx_hal_uart.o(.ARM.exidx.text.HAL_UART_EnableReceiverTimeout), (8 bytes).
    Removing stm32f7xx_hal_uart.o(.text.HAL_UART_DisableReceiverTimeout), (46 bytes).
    Removing stm32f7xx_hal_uart.o(.ARM.exidx.text.HAL_UART_DisableReceiverTimeout), (8 bytes).
    Removing stm32f7xx_hal_uart.o(.text.HAL_MultiProcessor_EnableMuteMode), (52 bytes).
    Removing stm32f7xx_hal_uart.o(.ARM.exidx.text.HAL_MultiProcessor_EnableMuteMode), (8 bytes).
    Removing stm32f7xx_hal_uart.o(.text.HAL_MultiProcessor_DisableMuteMode), (52 bytes).
    Removing stm32f7xx_hal_uart.o(.ARM.exidx.text.HAL_MultiProcessor_DisableMuteMode), (8 bytes).
    Removing stm32f7xx_hal_uart.o(.text.HAL_MultiProcessor_EnterMuteMode), (12 bytes).
    Removing stm32f7xx_hal_uart.o(.ARM.exidx.text.HAL_MultiProcessor_EnterMuteMode), (8 bytes).
    Removing stm32f7xx_hal_uart.o(.text.HAL_HalfDuplex_EnableTransmitter), (78 bytes).
    Removing stm32f7xx_hal_uart.o(.ARM.exidx.text.HAL_HalfDuplex_EnableTransmitter), (8 bytes).
    Removing stm32f7xx_hal_uart.o(.text.HAL_HalfDuplex_EnableReceiver), (78 bytes).
    Removing stm32f7xx_hal_uart.o(.ARM.exidx.text.HAL_HalfDuplex_EnableReceiver), (8 bytes).
    Removing stm32f7xx_hal_uart.o(.text.HAL_LIN_SendBreak), (40 bytes).
    Removing stm32f7xx_hal_uart.o(.ARM.exidx.text.HAL_LIN_SendBreak), (8 bytes).
    Removing stm32f7xx_hal_uart.o(.text.HAL_UART_GetState), (10 bytes).
    Removing stm32f7xx_hal_uart.o(.ARM.exidx.text.HAL_UART_GetState), (8 bytes).
    Removing stm32f7xx_hal_uart.o(.text.HAL_UART_GetError), (6 bytes).
    Removing stm32f7xx_hal_uart.o(.ARM.exidx.text.HAL_UART_GetError), (8 bytes).
    Removing stm32f7xx_hal_uart.o(.text.UART_RxISR_16BIT), (194 bytes).
    Removing stm32f7xx_hal_uart.o(.ARM.exidx.text.UART_RxISR_16BIT), (8 bytes).
    Removing stm32f7xx_hal_uart.o(.text.UART_RxISR_8BIT), (194 bytes).
    Removing stm32f7xx_hal_uart.o(.ARM.exidx.text.UART_RxISR_8BIT), (8 bytes).
    Removing stm32f7xx_hal_uart.o(.ARM.exidx.text.UART_DMAReceiveCplt), (8 bytes).
    Removing stm32f7xx_hal_uart.o(.ARM.exidx.text.UART_DMARxHalfCplt), (8 bytes).
    Removing stm32f7xx_hal_uart_ex.o(.text), (0 bytes).
    Removing stm32f7xx_hal_uart_ex.o(.text.HAL_RS485Ex_Init), (128 bytes).
    Removing stm32f7xx_hal_uart_ex.o(.ARM.exidx.text.HAL_RS485Ex_Init), (8 bytes).
    Removing stm32f7xx_hal_uart_ex.o(.text.HAL_UARTEx_EnableClockStopMode), (50 bytes).
    Removing stm32f7xx_hal_uart_ex.o(.ARM.exidx.text.HAL_UARTEx_EnableClockStopMode), (8 bytes).
    Removing stm32f7xx_hal_uart_ex.o(.text.HAL_UARTEx_DisableClockStopMode), (50 bytes).
    Removing stm32f7xx_hal_uart_ex.o(.ARM.exidx.text.HAL_UARTEx_DisableClockStopMode), (8 bytes).
    Removing stm32f7xx_hal_uart_ex.o(.text.HAL_MultiProcessorEx_AddressLength_Set), (42 bytes).
    Removing stm32f7xx_hal_uart_ex.o(.ARM.exidx.text.HAL_MultiProcessorEx_AddressLength_Set), (8 bytes).
    Removing stm32f7xx_hal_uart_ex.o(.text.HAL_UARTEx_StopModeWakeUpSourceConfig), (132 bytes).
    Removing stm32f7xx_hal_uart_ex.o(.ARM.exidx.text.HAL_UARTEx_StopModeWakeUpSourceConfig), (8 bytes).
    Removing stm32f7xx_hal_uart_ex.o(.text.HAL_UARTEx_EnableStopMode), (50 bytes).
    Removing stm32f7xx_hal_uart_ex.o(.ARM.exidx.text.HAL_UARTEx_EnableStopMode), (8 bytes).
    Removing stm32f7xx_hal_uart_ex.o(.text.HAL_UARTEx_DisableStopMode), (50 bytes).
    Removing stm32f7xx_hal_uart_ex.o(.ARM.exidx.text.HAL_UARTEx_DisableStopMode), (8 bytes).
    Removing stm32f7xx_hal_uart_ex.o(.text.HAL_UARTEx_ReceiveToIdle), (308 bytes).
    Removing stm32f7xx_hal_uart_ex.o(.ARM.exidx.text.HAL_UARTEx_ReceiveToIdle), (8 bytes).
    Removing stm32f7xx_hal_uart_ex.o(.text.HAL_UARTEx_ReceiveToIdle_IT), (80 bytes).
    Removing stm32f7xx_hal_uart_ex.o(.ARM.exidx.text.HAL_UARTEx_ReceiveToIdle_IT), (8 bytes).
    Removing stm32f7xx_hal_uart_ex.o(.text.HAL_UARTEx_ReceiveToIdle_DMA), (90 bytes).
    Removing stm32f7xx_hal_uart_ex.o(.ARM.exidx.text.HAL_UARTEx_ReceiveToIdle_DMA), (8 bytes).
    Removing stm32f7xx_hal_uart_ex.o(.text.HAL_UARTEx_GetRxEventType), (4 bytes).
    Removing stm32f7xx_hal_uart_ex.o(.ARM.exidx.text.HAL_UARTEx_GetRxEventType), (8 bytes).
    Removing system_stm32f7xx.o(.text), (0 bytes).
    Removing system_stm32f7xx.o(.ARM.exidx.text.SystemInit), (8 bytes).
    Removing system_stm32f7xx.o(.text.SystemCoreClockUpdate), (130 bytes).
    Removing system_stm32f7xx.o(.ARM.exidx.text.SystemCoreClockUpdate), (8 bytes).
    Removing bsp_at24c02.o(.text), (0 bytes).
    Removing bsp_at24c02.o(.text.Bsp_At24c02_IsOnline), (28 bytes).
    Removing bsp_at24c02.o(.ARM.exidx.text.Bsp_At24c02_IsOnline), (8 bytes).
    Removing bsp_at24c02.o(.text.Bsp_At24c02_Write_Page), (168 bytes).
    Removing bsp_at24c02.o(.ARM.exidx.text.Bsp_At24c02_Write_Page), (8 bytes).
    Removing bsp_at24c02.o(.text.Bsp_At24c02_Read_Page), (92 bytes).
    Removing bsp_at24c02.o(.ARM.exidx.text.Bsp_At24c02_Read_Page), (8 bytes).
    Removing bsp_at24c02.o(.text.Bsp_At24c02_Set_OTAFlag), (112 bytes).
    Removing bsp_at24c02.o(.ARM.exidx.text.Bsp_At24c02_Set_OTAFlag), (8 bytes).
    Removing bsp_at24c02.o(.text.Bsp_At24c02_Reset_OTAFlag), (102 bytes).
    Removing bsp_at24c02.o(.ARM.exidx.text.Bsp_At24c02_Reset_OTAFlag), (8 bytes).
    Removing bsp_at24c02.o(.text.Bsp_At24c02_Read_OTAFlag), (124 bytes).
    Removing bsp_at24c02.o(.ARM.exidx.text.Bsp_At24c02_Read_OTAFlag), (8 bytes).
    Removing bsp_at24c02.o(.rodata.str1.1), (24 bytes).
    Removing bsp_w25q256.o(.text), (0 bytes).
    Removing bsp_w25q256.o(.ARM.exidx.text.Bsp_W25q256_Write_Page), (8 bytes).
    Removing bsp_w25q256.o(.ARM.exidx.text.Bsp_W25q256_Read_page), (8 bytes).
    Removing bsp_w25q256.o(.ARM.exidx.text.Bsp_W25q256_Erasure_Sector), (8 bytes).
    Removing bsp_w25q256.o(.text.Bsp_W25q256_Erasure_Sector_Multi), (32 bytes).
    Removing bsp_w25q256.o(.ARM.exidx.text.Bsp_W25q256_Erasure_Sector_Multi), (8 bytes).
    Removing bsp_w25q256.o(.ARM.exidx.text.Bsp_W25q64_ReadId), (8 bytes).
    Removing bsp_internal_flash.o(.text), (0 bytes).
    Removing bsp_internal_flash.o(.text.Bsp_Internal_Flash_Erasure), (92 bytes).
    Removing bsp_internal_flash.o(.ARM.exidx.text.Bsp_Internal_Flash_Erasure), (8 bytes).
    Removing bsp_internal_flash.o(.text.Bsp_Internal_Flash_Write_4B), (56 bytes).
    Removing bsp_internal_flash.o(.ARM.exidx.text.Bsp_Internal_Flash_Write_4B), (8 bytes).
    Removing bsp_internal_flash.o(.text.Bsp_Internal_Flash_Write), (88 bytes).
    Removing bsp_internal_flash.o(.ARM.exidx.text.Bsp_Internal_Flash_Write), (8 bytes).
    Removing bsp_internal_flash.o(.text.Bsp_Internal_Flash_Read), (26 bytes).
    Removing bsp_internal_flash.o(.ARM.exidx.text.Bsp_Internal_Flash_Read), (8 bytes).
    Removing bsp_internal_flash.o(.bss.EraseInitStruct), (20 bytes).
    Removing boot.o(.text), (0 bytes).
    Removing boot.o(.text.BootLoader_Branch), (192 bytes).
    Removing boot.o(.ARM.exidx.text.BootLoader_Branch), (8 bytes).
    Removing boot.o(.text.LOAD_A), (380 bytes).
    Removing boot.o(.ARM.exidx.text.LOAD_A), (8 bytes).
    Removing boot.o(.text.BootLoader_CMD), (1216 bytes).
    Removing boot.o(.ARM.exidx.text.BootLoader_CMD), (8 bytes).
    Removing boot.o(.text.MSR_SP), (6 bytes).
    Removing boot.o(.ARM.exidx.text.MSR_SP), (8 bytes).
    Removing boot.o(.text.BootLoader_Clear_Register), (186 bytes).
    Removing boot.o(.ARM.exidx.text.BootLoader_Clear_Register), (8 bytes).
    Removing boot.o(.text.__NVIC_SystemReset), (36 bytes).
    Removing boot.o(.ARM.exidx.text.__NVIC_SystemReset), (8 bytes).
    Removing boot.o(.text.BootLoade_CRC16_XMODE), (68 bytes).
    Removing boot.o(.ARM.exidx.text.BootLoade_CRC16_XMODE), (8 bytes).
    Removing boot.o(.bss.Enter_CMD_FLAG), (1 bytes).
    Removing boot.o(.bss.load_A), (4 bytes).
    Removing boot.o(.bss.Cmd_Buf), (8 bytes).
    Removing boot.o(.rodata.str1.1), (634 bytes).
    Removing boot.o(.bss.RX_UpdataABuf), (134 bytes).
    Removing boot.o(.bss.BootLoader_CMD.blk), (4 bytes).
    Removing boot.o(.bss.RX_OTAVerBuf), (27 bytes).
    Removing ota.o(.text), (0 bytes).
    Removing ota.o(.bss.OTAInfo), (32 bytes).
    Removing ota.o(.bss.UpdataA_CB), (1036 bytes).
    Removing system.o(.text), (0 bytes).
    Removing system.o(.ARM.exidx.text.DWT_Delay_Init), (8 bytes).
    Removing system.o(.ARM.exidx.text.delay_us), (8 bytes).
    Removing dadd.o(.text), (334 bytes).
    Removing dmul.o(.text), (228 bytes).
    Removing ddiv.o(.text), (222 bytes).
    Removing dfixul.o(.text), (48 bytes).
    Removing cdrcmple.o(.text), (48 bytes).
    Removing depilogue.o(.text), (186 bytes).

802 unused section(s) (total 45730 bytes) removed from the image.

==============================================================================

Image Symbol Table

    Local Symbols

    Symbol Name                              Value     Ov Type        Size  Object(Section)

    ../clib/division.s                       0x00000000   Number         0  aeabi_sdiv.o ABSOLUTE
    ../clib/microlib/ctype/ctype.c           0x00000000   Number         0  isspace_c.o ABSOLUTE
    ../clib/microlib/ctype/ctype.c           0x00000000   Number         0  ctype_c.o ABSOLUTE
    ../clib/microlib/division.c              0x00000000   Number         0  uldiv.o ABSOLUTE
    ../clib/microlib/division.c              0x00000000   Number         0  uidiv.o ABSOLUTE
    ../clib/microlib/init/entry.s            0x00000000   Number         0  entry.o ABSOLUTE
    ../clib/microlib/init/entry.s            0x00000000   Number         0  entry2.o ABSOLUTE
    ../clib/microlib/init/entry.s            0x00000000   Number         0  entry5.o ABSOLUTE
    ../clib/microlib/init/entry.s            0x00000000   Number         0  entry7a.o ABSOLUTE
    ../clib/microlib/init/entry.s            0x00000000   Number         0  entry7b.o ABSOLUTE
    ../clib/microlib/init/entry.s            0x00000000   Number         0  entry8a.o ABSOLUTE
    ../clib/microlib/init/entry.s            0x00000000   Number         0  entry8b.o ABSOLUTE
    ../clib/microlib/init/entry.s            0x00000000   Number         0  entry9a.o ABSOLUTE
    ../clib/microlib/init/entry.s            0x00000000   Number         0  entry9b.o ABSOLUTE
    ../clib/microlib/init/entry.s            0x00000000   Number         0  entry10a.o ABSOLUTE
    ../clib/microlib/init/entry.s            0x00000000   Number         0  entry10b.o ABSOLUTE
    ../clib/microlib/init/entry.s            0x00000000   Number         0  entry11a.o ABSOLUTE
    ../clib/microlib/init/entry.s            0x00000000   Number         0  entry11b.o ABSOLUTE
    ../clib/microlib/longlong.c              0x00000000   Number         0  llshl.o ABSOLUTE
    ../clib/microlib/longlong.c              0x00000000   Number         0  llushr.o ABSOLUTE
    ../clib/microlib/longlong.c              0x00000000   Number         0  llsshr.o ABSOLUTE
    ../clib/microlib/printf/printf.c         0x00000000   Number         0  printfb.o ABSOLUTE
    ../clib/microlib/printf/printf.c         0x00000000   Number         0  printf0.o ABSOLUTE
    ../clib/microlib/printf/printf.c         0x00000000   Number         0  printf1.o ABSOLUTE
    ../clib/microlib/printf/printf.c         0x00000000   Number         0  printf2.o ABSOLUTE
    ../clib/microlib/printf/printf.c         0x00000000   Number         0  printf3.o ABSOLUTE
    ../clib/microlib/printf/printf.c         0x00000000   Number         0  printf4.o ABSOLUTE
    ../clib/microlib/printf/printf.c         0x00000000   Number         0  printf5.o ABSOLUTE
    ../clib/microlib/printf/printf.c         0x00000000   Number         0  printf6.o ABSOLUTE
    ../clib/microlib/printf/printf.c         0x00000000   Number         0  printf7.o ABSOLUTE
    ../clib/microlib/printf/printf.c         0x00000000   Number         0  printf8.o ABSOLUTE
    ../clib/microlib/printf/printf.c         0x00000000   Number         0  printfa.o ABSOLUTE
    ../clib/microlib/printf/stubs.s          0x00000000   Number         0  printfstubs.o ABSOLUTE
    ../clib/microlib/stdio/putchar.c         0x00000000   Number         0  putchar.o ABSOLUTE
    ../clib/microlib/stdio/puts.c            0x00000000   Number         0  puts.o ABSOLUTE
    ../clib/microlib/stdio/puts.c            0x00000000   Number         0  puts_e.o ABSOLUTE
    ../clib/microlib/stdio/streams.c         0x00000000   Number         0  stdout.o ABSOLUTE
    ../clib/microlib/string/memcpy.c         0x00000000   Number         0  memcpya.o ABSOLUTE
    ../clib/microlib/string/memcpy.c         0x00000000   Number         0  memcpyb.o ABSOLUTE
    ../clib/microlib/string/memset.c         0x00000000   Number         0  memseta.o ABSOLUTE
    ../clib/microlib/stubs.s                 0x00000000   Number         0  iusefp.o ABSOLUTE
    ../clib/scanf.c                          0x00000000   Number         0  __0sscanf.o ABSOLUTE
    ../clib/scanf.c                          0x00000000   Number         0  _scanf_int.o ABSOLUTE
    ../clib/scanf.c                          0x00000000   Number         0  _chval.o ABSOLUTE
    ../clib/scanf.c                          0x00000000   Number         0  scanf_char.o ABSOLUTE
    ../clib/scanf.c                          0x00000000   Number         0  _sgetc.o ABSOLUTE
    ../clib/scanf.c                          0x00000000   Number         0  _scanf.o ABSOLUTE
    ../fplib/microlib/fpadd.c                0x00000000   Number         0  dadd.o ABSOLUTE
    ../fplib/microlib/fpdiv.c                0x00000000   Number         0  ddiv.o ABSOLUTE
    ../fplib/microlib/fpepilogue.c           0x00000000   Number         0  depilogue.o ABSOLUTE
    ../fplib/microlib/fpfix.c                0x00000000   Number         0  dfixul.o ABSOLUTE
    ../fplib/microlib/fpmul.c                0x00000000   Number         0  dmul.o ABSOLUTE
    boot.c                                   0x00000000   Number         0  boot.o ABSOLUTE
    bsp_at24c02.c                            0x00000000   Number         0  bsp_at24c02.o ABSOLUTE
    bsp_internal_flash.c                     0x00000000   Number         0  bsp_internal_flash.o ABSOLUTE
    bsp_w25q256.c                            0x00000000   Number         0  bsp_w25q256.o ABSOLUTE
    cdrcmple.s                               0x00000000   Number         0  cdrcmple.o ABSOLUTE
    circular_buf.c                           0x00000000   Number         0  circular_buf.o ABSOLUTE
    dc.s                                     0x00000000   Number         0  dc.o ABSOLUTE
    dma.c                                    0x00000000   Number         0  dma.o ABSOLUTE
    gpio.c                                   0x00000000   Number         0  gpio.o ABSOLUTE
    handlers.s                               0x00000000   Number         0  handlers.o ABSOLUTE
    i2c.c                                    0x00000000   Number         0  i2c.o ABSOLUTE
    init.s                                   0x00000000   Number         0  init.o ABSOLUTE
    main.c                                   0x00000000   Number         0  main.o ABSOLUTE
    ota.c                                    0x00000000   Number         0  ota.o ABSOLUTE
    spi.c                                    0x00000000   Number         0  spi.o ABSOLUTE
    startup_stm32f767xx.s                    0x00000000   Number         0  startup_stm32f767xx.o ABSOLUTE
    stm32f7xx_hal.c                          0x00000000   Number         0  stm32f7xx_hal.o ABSOLUTE
    stm32f7xx_hal_cortex.c                   0x00000000   Number         0  stm32f7xx_hal_cortex.o ABSOLUTE
    stm32f7xx_hal_dma.c                      0x00000000   Number         0  stm32f7xx_hal_dma.o ABSOLUTE
    stm32f7xx_hal_dma_ex.c                   0x00000000   Number         0  stm32f7xx_hal_dma_ex.o ABSOLUTE
    stm32f7xx_hal_exti.c                     0x00000000   Number         0  stm32f7xx_hal_exti.o ABSOLUTE
    stm32f7xx_hal_flash.c                    0x00000000   Number         0  stm32f7xx_hal_flash.o ABSOLUTE
    stm32f7xx_hal_flash_ex.c                 0x00000000   Number         0  stm32f7xx_hal_flash_ex.o ABSOLUTE
    stm32f7xx_hal_gpio.c                     0x00000000   Number         0  stm32f7xx_hal_gpio.o ABSOLUTE
    stm32f7xx_hal_i2c.c                      0x00000000   Number         0  stm32f7xx_hal_i2c.o ABSOLUTE
    stm32f7xx_hal_i2c_ex.c                   0x00000000   Number         0  stm32f7xx_hal_i2c_ex.o ABSOLUTE
    stm32f7xx_hal_msp.c                      0x00000000   Number         0  stm32f7xx_hal_msp.o ABSOLUTE
    stm32f7xx_hal_pwr.c                      0x00000000   Number         0  stm32f7xx_hal_pwr.o ABSOLUTE
    stm32f7xx_hal_pwr_ex.c                   0x00000000   Number         0  stm32f7xx_hal_pwr_ex.o ABSOLUTE
    stm32f7xx_hal_rcc.c                      0x00000000   Number         0  stm32f7xx_hal_rcc.o ABSOLUTE
    stm32f7xx_hal_rcc_ex.c                   0x00000000   Number         0  stm32f7xx_hal_rcc_ex.o ABSOLUTE
    stm32f7xx_hal_spi.c                      0x00000000   Number         0  stm32f7xx_hal_spi.o ABSOLUTE
    stm32f7xx_hal_spi_ex.c                   0x00000000   Number         0  stm32f7xx_hal_spi_ex.o ABSOLUTE
    stm32f7xx_hal_tim.c                      0x00000000   Number         0  stm32f7xx_hal_tim.o ABSOLUTE
    stm32f7xx_hal_tim_ex.c                   0x00000000   Number         0  stm32f7xx_hal_tim_ex.o ABSOLUTE
    stm32f7xx_hal_uart.c                     0x00000000   Number         0  stm32f7xx_hal_uart.o ABSOLUTE
    stm32f7xx_hal_uart_ex.c                  0x00000000   Number         0  stm32f7xx_hal_uart_ex.o ABSOLUTE
    stm32f7xx_it.c                           0x00000000   Number         0  stm32f7xx_it.o ABSOLUTE
    system.c                                 0x00000000   Number         0  system.o ABSOLUTE
    system_stm32f7xx.c                       0x00000000   Number         0  system_stm32f7xx.o ABSOLUTE
    usart.c                                  0x00000000   Number         0  usart.o ABSOLUTE
    RESET                                    0x08000000   Section      504  startup_stm32f767xx.o(RESET)
    .ARM.Collect$$$$00000000                 0x080001f8   Section        0  entry.o(.ARM.Collect$$$$00000000)
    .ARM.Collect$$$$00000001                 0x080001f8   Section        4  entry2.o(.ARM.Collect$$$$00000001)
    .ARM.Collect$$$$00000004                 0x080001fc   Section        4  entry5.o(.ARM.Collect$$$$00000004)
    .ARM.Collect$$$$00000008                 0x08000200   Section        0  entry7b.o(.ARM.Collect$$$$00000008)
    .ARM.Collect$$$$0000000A                 0x08000200   Section        0  entry8b.o(.ARM.Collect$$$$0000000A)
    .ARM.Collect$$$$0000000B                 0x08000200   Section        8  entry9a.o(.ARM.Collect$$$$0000000B)
    __lit__00000000                          0x08000208   Data           4  entry2.o(.ARM.Collect$$$$00002712)
    .ARM.Collect$$$$0000000D                 0x08000208   Section        0  entry10a.o(.ARM.Collect$$$$0000000D)
    .ARM.Collect$$$$0000000F                 0x08000208   Section        0  entry11a.o(.ARM.Collect$$$$0000000F)
    .ARM.Collect$$$$00002712                 0x08000208   Section        4  entry2.o(.ARM.Collect$$$$00002712)
    $v0                                      0x0800020c   Number         0  startup_stm32f767xx.o(.text)
    .text                                    0x0800020c   Section       36  startup_stm32f767xx.o(.text)
    .text                                    0x08000230   Section        0  uldiv.o(.text)
    .text                                    0x08000292   Section        0  memseta.o(.text)
    .text                                    0x080002b6   Section        0  llshl.o(.text)
    .text                                    0x080002d4   Section        0  llushr.o(.text)
    .text                                    0x080002f4   Section       48  init.o(.text)
    [Anonymous Symbol]                       0x08000328   Section        0  bsp_w25q256.o(.text.Bsp_W25q256_Erasure_Sector)
    [Anonymous Symbol]                       0x08000478   Section        0  bsp_w25q256.o(.text.Bsp_W25q256_Read_page)
    [Anonymous Symbol]                       0x080004e8   Section        0  bsp_w25q256.o(.text.Bsp_W25q256_Write_Page)
    [Anonymous Symbol]                       0x08000698   Section        0  bsp_w25q256.o(.text.Bsp_W25q64_ReadId)
    [Anonymous Symbol]                       0x08000738   Section        0  stm32f7xx_it.o(.text.BusFault_Handler)
    [Anonymous Symbol]                       0x08000740   Section        0  circular_buf.o(.text.Circular_Buf_Init)
    [Anonymous Symbol]                       0x08000750   Section        0  circular_buf.o(.text.Circular_Buf_Put)
    [Anonymous Symbol]                       0x080007d0   Section        0  circular_buf.o(.text.Circular_Buf_Put_1B)
    [Anonymous Symbol]                       0x08000810   Section        0  stm32f7xx_it.o(.text.DMA2_Stream2_IRQHandler)
    [Anonymous Symbol]                       0x08000820   Section        0  system.o(.text.DWT_Delay_Init)
    [Anonymous Symbol]                       0x08000860   Section        0  stm32f7xx_it.o(.text.DebugMon_Handler)
    [Anonymous Symbol]                       0x08000868   Section        0  main.o(.text.Error_Handler)
    [Anonymous Symbol]                       0x08000878   Section        0  stm32f7xx_hal_dma.o(.text.HAL_DMA_Abort)
    [Anonymous Symbol]                       0x080008f8   Section        0  stm32f7xx_hal_dma.o(.text.HAL_DMA_Abort_IT)
    [Anonymous Symbol]                       0x08000920   Section        0  stm32f7xx_hal_dma.o(.text.HAL_DMA_GetError)
    [Anonymous Symbol]                       0x08000928   Section        0  stm32f7xx_hal_dma.o(.text.HAL_DMA_IRQHandler)
    [Anonymous Symbol]                       0x08000ab0   Section        0  stm32f7xx_hal_dma.o(.text.HAL_DMA_Init)
    [Anonymous Symbol]                       0x08000bf0   Section        0  stm32f7xx_hal_dma.o(.text.HAL_DMA_Start_IT)
    [Anonymous Symbol]                       0x08000ca0   Section        0  stm32f7xx_hal.o(.text.HAL_Delay)
    [Anonymous Symbol]                       0x08000cc8   Section        0  stm32f7xx_hal_gpio.o(.text.HAL_GPIO_Init)
    [Anonymous Symbol]                       0x08000e68   Section        0  stm32f7xx_hal_gpio.o(.text.HAL_GPIO_WritePin)
    [Anonymous Symbol]                       0x08000e78   Section        0  stm32f7xx_hal.o(.text.HAL_GetTick)
    [Anonymous Symbol]                       0x08000e88   Section        0  stm32f7xx_hal_i2c_ex.o(.text.HAL_I2CEx_ConfigAnalogFilter)
    [Anonymous Symbol]                       0x08000ed8   Section        0  stm32f7xx_hal_i2c_ex.o(.text.HAL_I2CEx_ConfigDigitalFilter)
    [Anonymous Symbol]                       0x08000f20   Section        0  stm32f7xx_hal_i2c.o(.text.HAL_I2C_Init)
    [Anonymous Symbol]                       0x08000fc8   Section        0  i2c.o(.text.HAL_I2C_MspInit)
    [Anonymous Symbol]                       0x08001058   Section        0  stm32f7xx_hal.o(.text.HAL_IncTick)
    [Anonymous Symbol]                       0x08001078   Section        0  stm32f7xx_hal.o(.text.HAL_Init)
    [Anonymous Symbol]                       0x08001090   Section        0  stm32f7xx_hal.o(.text.HAL_InitTick)
    [Anonymous Symbol]                       0x080010e0   Section        0  stm32f7xx_hal_msp.o(.text.HAL_MspInit)
    [Anonymous Symbol]                       0x08001118   Section        0  stm32f7xx_hal_cortex.o(.text.HAL_NVIC_EnableIRQ)
    [Anonymous Symbol]                       0x08001138   Section        0  stm32f7xx_hal_cortex.o(.text.HAL_NVIC_SetPriority)
    [Anonymous Symbol]                       0x08001198   Section        0  stm32f7xx_hal_cortex.o(.text.HAL_NVIC_SetPriorityGrouping)
    [Anonymous Symbol]                       0x080011b8   Section        0  stm32f7xx_hal_pwr_ex.o(.text.HAL_PWREx_EnableOverDrive)
    [Anonymous Symbol]                       0x08001230   Section        0  stm32f7xx_hal_pwr.o(.text.HAL_PWR_EnableBkUpAccess)
    [Anonymous Symbol]                       0x08001248   Section        0  stm32f7xx_hal_rcc_ex.o(.text.HAL_RCCEx_PeriphCLKConfig)
    [Anonymous Symbol]                       0x080017f8   Section        0  stm32f7xx_hal_rcc.o(.text.HAL_RCC_ClockConfig)
    [Anonymous Symbol]                       0x080019c0   Section        0  stm32f7xx_hal_rcc.o(.text.HAL_RCC_GetPCLK1Freq)
    [Anonymous Symbol]                       0x080019e8   Section        0  stm32f7xx_hal_rcc.o(.text.HAL_RCC_GetPCLK2Freq)
    [Anonymous Symbol]                       0x08001a10   Section        0  stm32f7xx_hal_rcc.o(.text.HAL_RCC_GetSysClockFreq)
    [Anonymous Symbol]                       0x08001a80   Section        0  stm32f7xx_hal_rcc.o(.text.HAL_RCC_OscConfig)
    [Anonymous Symbol]                       0x08001de0   Section        0  stm32f7xx_hal_spi.o(.text.HAL_SPI_Init)
    [Anonymous Symbol]                       0x08001ec8   Section        0  spi.o(.text.HAL_SPI_MspInit)
    [Anonymous Symbol]                       0x08001f38   Section        0  stm32f7xx_hal_spi.o(.text.HAL_SPI_Receive)
    [Anonymous Symbol]                       0x080020c8   Section        0  stm32f7xx_hal_spi.o(.text.HAL_SPI_Transmit)
    [Anonymous Symbol]                       0x08002288   Section        0  stm32f7xx_hal_spi.o(.text.HAL_SPI_TransmitReceive)
    [Anonymous Symbol]                       0x080024f8   Section        0  stm32f7xx_hal_cortex.o(.text.HAL_SYSTICK_Config)
    [Anonymous Symbol]                       0x08002528   Section        0  stm32f7xx_hal_uart.o(.text.HAL_UARTEx_RxEventCallback)
    [Anonymous Symbol]                       0x08002530   Section        0  stm32f7xx_hal_uart.o(.text.HAL_UARTEx_WakeupCallback)
    [Anonymous Symbol]                       0x08002538   Section        0  stm32f7xx_hal_uart.o(.text.HAL_UART_DMAStop)
    [Anonymous Symbol]                       0x08002630   Section        0  stm32f7xx_hal_uart.o(.text.HAL_UART_ErrorCallback)
    [Anonymous Symbol]                       0x08002638   Section        0  stm32f7xx_hal_uart.o(.text.HAL_UART_IRQHandler)
    [Anonymous Symbol]                       0x08002988   Section        0  stm32f7xx_hal_uart.o(.text.HAL_UART_Init)
    [Anonymous Symbol]                       0x080029e8   Section        0  usart.o(.text.HAL_UART_MspInit)
    [Anonymous Symbol]                       0x08002ac8   Section        0  stm32f7xx_hal_uart.o(.text.HAL_UART_Receive_DMA)
    [Anonymous Symbol]                       0x08002bc0   Section        0  stm32f7xx_hal_uart.o(.text.HAL_UART_RxCpltCallback)
    [Anonymous Symbol]                       0x08002bc8   Section        0  stm32f7xx_hal_uart.o(.text.HAL_UART_RxHalfCpltCallback)
    [Anonymous Symbol]                       0x08002bd0   Section        0  stm32f7xx_hal_uart.o(.text.HAL_UART_Transmit)
    [Anonymous Symbol]                       0x08002cd0   Section        0  stm32f7xx_hal_uart.o(.text.HAL_UART_TxCpltCallback)
    [Anonymous Symbol]                       0x08002cd8   Section        0  stm32f7xx_it.o(.text.HardFault_Handler)
    [Anonymous Symbol]                       0x08002ce0   Section        0  dma.o(.text.MX_DMA_Init)
    [Anonymous Symbol]                       0x08002d18   Section        0  gpio.o(.text.MX_GPIO_Init)
    [Anonymous Symbol]                       0x08002dd0   Section        0  i2c.o(.text.MX_I2C2_Init)
    [Anonymous Symbol]                       0x08002e40   Section        0  spi.o(.text.MX_SPI1_Init)
    [Anonymous Symbol]                       0x08002e98   Section        0  usart.o(.text.MX_USART1_UART_Init)
    [Anonymous Symbol]                       0x08002ee0   Section        0  stm32f7xx_it.o(.text.MemManage_Handler)
    [Anonymous Symbol]                       0x08002ee8   Section        0  stm32f7xx_it.o(.text.NMI_Handler)
    [Anonymous Symbol]                       0x08002ef0   Section        0  stm32f7xx_it.o(.text.PendSV_Handler)
    SPI_EndRxTransaction                     0x08002ef9   Thumb Code   172  stm32f7xx_hal_spi.o(.text.SPI_EndRxTransaction)
    [Anonymous Symbol]                       0x08002ef8   Section        0  stm32f7xx_hal_spi.o(.text.SPI_EndRxTransaction)
    SPI_EndRxTxTransaction                   0x08002fa9   Thumb Code   134  stm32f7xx_hal_spi.o(.text.SPI_EndRxTxTransaction)
    [Anonymous Symbol]                       0x08002fa8   Section        0  stm32f7xx_hal_spi.o(.text.SPI_EndRxTxTransaction)
    SPI_WaitFifoStateUntilTimeout            0x08003031   Thumb Code   230  stm32f7xx_hal_spi.o(.text.SPI_WaitFifoStateUntilTimeout)
    [Anonymous Symbol]                       0x08003030   Section        0  stm32f7xx_hal_spi.o(.text.SPI_WaitFifoStateUntilTimeout)
    SPI_WaitFlagStateUntilTimeout            0x08003119   Thumb Code   178  stm32f7xx_hal_spi.o(.text.SPI_WaitFlagStateUntilTimeout)
    [Anonymous Symbol]                       0x08003118   Section        0  stm32f7xx_hal_spi.o(.text.SPI_WaitFlagStateUntilTimeout)
    [Anonymous Symbol]                       0x080031d0   Section        0  stm32f7xx_it.o(.text.SVC_Handler)
    [Anonymous Symbol]                       0x080031d8   Section        0  stm32f7xx_it.o(.text.SysTick_Handler)
    [Anonymous Symbol]                       0x080031e0   Section        0  main.o(.text.SystemClock_Config)
    [Anonymous Symbol]                       0x080032a8   Section        0  system_stm32f7xx.o(.text.SystemInit)
    [Anonymous Symbol]                       0x080032c0   Section        0  stm32f7xx_hal_uart.o(.text.UART_AdvFeatureConfig)
    [Anonymous Symbol]                       0x080033a0   Section        0  stm32f7xx_hal_uart.o(.text.UART_CheckIdleState)
    UART_DMAAbortOnError                     0x08003459   Thumb Code    12  stm32f7xx_hal_uart.o(.text.UART_DMAAbortOnError)
    [Anonymous Symbol]                       0x08003458   Section        0  stm32f7xx_hal_uart.o(.text.UART_DMAAbortOnError)
    UART_DMAError                            0x08003469   Thumb Code   168  stm32f7xx_hal_uart.o(.text.UART_DMAError)
    [Anonymous Symbol]                       0x08003468   Section        0  stm32f7xx_hal_uart.o(.text.UART_DMAError)
    UART_DMAReceiveCplt                      0x08003511   Thumb Code   162  stm32f7xx_hal_uart.o(.text.UART_DMAReceiveCplt)
    [Anonymous Symbol]                       0x08003510   Section        0  stm32f7xx_hal_uart.o(.text.UART_DMAReceiveCplt)
    UART_DMARxHalfCplt                       0x080035b9   Thumb Code    54  stm32f7xx_hal_uart.o(.text.UART_DMARxHalfCplt)
    [Anonymous Symbol]                       0x080035b8   Section        0  stm32f7xx_hal_uart.o(.text.UART_DMARxHalfCplt)
    [Anonymous Symbol]                       0x080035f0   Section        0  stm32f7xx_hal_uart.o(.text.UART_SetConfig)
    [Anonymous Symbol]                       0x08003818   Section        0  stm32f7xx_hal_uart.o(.text.UART_WaitOnFlagUntilTimeout)
    [Anonymous Symbol]                       0x08003950   Section        0  stm32f7xx_it.o(.text.USART1_IRQHandler)
    [Anonymous Symbol]                       0x080039f0   Section        0  stm32f7xx_it.o(.text.UsageFault_Handler)
    [Anonymous Symbol]                       0x080039f8   Section        0  system.o(.text.delay_us)
    [Anonymous Symbol]                       0x08003a30   Section        0  usart.o(.text.fputc)
    [Anonymous Symbol]                       0x08003a50   Section        0  main.o(.text.main)
    i.__0printf$8                            0x08003b90   Section        0  printf8.o(i.__0printf$8)
    i.__scatterload_copy                     0x08003bb0   Section       14  handlers.o(i.__scatterload_copy)
    i.__scatterload_null                     0x08003bbe   Section        2  handlers.o(i.__scatterload_null)
    i.__scatterload_zeroinit                 0x08003bc0   Section       14  handlers.o(i.__scatterload_zeroinit)
    _printf_core                             0x08003bd1   Thumb Code   996  printf8.o(i._printf_core)
    i._printf_core                           0x08003bd0   Section        0  printf8.o(i._printf_core)
    _printf_post_padding                     0x08003fe1   Thumb Code    36  printf8.o(i._printf_post_padding)
    i._printf_post_padding                   0x08003fe0   Section        0  printf8.o(i._printf_post_padding)
    _printf_pre_padding                      0x08004005   Thumb Code    46  printf8.o(i._printf_pre_padding)
    i._printf_pre_padding                    0x08004004   Section        0  printf8.o(i._printf_pre_padding)
    i.puts                                   0x08004034   Section        0  puts.o(i.puts)
    .Lswitch.table.UART_SetConfig.5          0x08004070   Data          16  stm32f7xx_hal_uart.o(.rodata.cst16)
    .Lswitch.table.UART_SetConfig.7          0x08004080   Data          16  stm32f7xx_hal_uart.o(.rodata.cst16)
    DMA_CalcBaseAndBitshift.flagBitshiftOffset 0x08004090   Data           8  stm32f7xx_hal_dma.o(.rodata.cst8)
    [Anonymous Symbol]                       0x08004090   Section        0  stm32f7xx_hal_dma.o(.rodata.cst8)
    .data                                    0x20000000   Section        4  stdout.o(.data)
    STACK                                    0x200009c0   Section     1024  startup_stm32f767xx.o(STACK)

    Global Symbols

    Symbol Name                              Value     Ov Type        Size  Object(Section)

    BuildAttributes$$THM_ISAv4$E$P$D$K$B$S$7EM$VFPv5_D16$PE$PLD8$A:L22UL41UL21$X:L11$S22US41US21$IEEE1$IW$~IW$USESV6$~STKCKD$USESV7$~SHL$OTIME$ROPI$EBA8$MICROLIB$REQ8$PRES8$EABIv2 0x00000000   Number         0  anon$$obj.o ABSOLUTE
    _printf_a                                0x00000000   Number         0  printfstubs.o ABSOLUTE
    _printf_c                                0x00000000   Number         0  printfstubs.o ABSOLUTE
    _printf_charcount                        0x00000000   Number         0  printfstubs.o ABSOLUTE
    _printf_d                                0x00000000   Number         0  printfstubs.o ABSOLUTE
    _printf_e                                0x00000000   Number         0  printfstubs.o ABSOLUTE
    _printf_f                                0x00000000   Number         0  printfstubs.o ABSOLUTE
    _printf_flags                            0x00000000   Number         0  printfstubs.o ABSOLUTE
    _printf_fp_dec                           0x00000000   Number         0  printfstubs.o ABSOLUTE
    _printf_fp_hex                           0x00000000   Number         0  printfstubs.o ABSOLUTE
    _printf_g                                0x00000000   Number         0  printfstubs.o ABSOLUTE
    _printf_i                                0x00000000   Number         0  printfstubs.o ABSOLUTE
    _printf_int_dec                          0x00000000   Number         0  printfstubs.o ABSOLUTE
    _printf_l                                0x00000000   Number         0  printfstubs.o ABSOLUTE
    _printf_lc                               0x00000000   Number         0  printfstubs.o ABSOLUTE
    _printf_ll                               0x00000000   Number         0  printfstubs.o ABSOLUTE
    _printf_lld                              0x00000000   Number         0  printfstubs.o ABSOLUTE
    _printf_lli                              0x00000000   Number         0  printfstubs.o ABSOLUTE
    _printf_llo                              0x00000000   Number         0  printfstubs.o ABSOLUTE
    _printf_llu                              0x00000000   Number         0  printfstubs.o ABSOLUTE
    _printf_llx                              0x00000000   Number         0  printfstubs.o ABSOLUTE
    _printf_longlong_dec                     0x00000000   Number         0  printfstubs.o ABSOLUTE
    _printf_longlong_hex                     0x00000000   Number         0  printfstubs.o ABSOLUTE
    _printf_longlong_oct                     0x00000000   Number         0  printfstubs.o ABSOLUTE
    _printf_ls                               0x00000000   Number         0  printfstubs.o ABSOLUTE
    _printf_mbtowc                           0x00000000   Number         0  printfstubs.o ABSOLUTE
    _printf_n                                0x00000000   Number         0  printfstubs.o ABSOLUTE
    _printf_o                                0x00000000   Number         0  printfstubs.o ABSOLUTE
    _printf_p                                0x00000000   Number         0  printfstubs.o ABSOLUTE
    _printf_percent                          0x00000000   Number         0  printfstubs.o ABSOLUTE
    _printf_pre_padding                      0x00000000   Number         0  printfstubs.o ABSOLUTE
    _printf_return_value                     0x00000000   Number         0  printfstubs.o ABSOLUTE
    _printf_s                                0x00000000   Number         0  printfstubs.o ABSOLUTE
    _printf_sizespec                         0x00000000   Number         0  printfstubs.o ABSOLUTE
    _printf_str                              0x00000000   Number         0  printfstubs.o ABSOLUTE
    _printf_truncate_signed                  0x00000000   Number         0  printfstubs.o ABSOLUTE
    _printf_truncate_unsigned                0x00000000   Number         0  printfstubs.o ABSOLUTE
    _printf_u                                0x00000000   Number         0  printfstubs.o ABSOLUTE
    _printf_wc                               0x00000000   Number         0  printfstubs.o ABSOLUTE
    _printf_wctomb                           0x00000000   Number         0  printfstubs.o ABSOLUTE
    _printf_widthprec                        0x00000000   Number         0  printfstubs.o ABSOLUTE
    _printf_x                                0x00000000   Number         0  printfstubs.o ABSOLUTE
    __cpp_initialize__aeabi_                  - Undefined Weak Reference
    __cxa_finalize                            - Undefined Weak Reference
    __decompress                              - Undefined Weak Reference
    _clock_init                               - Undefined Weak Reference
    _microlib_exit                            - Undefined Weak Reference
    _scanf_longlong                           - Undefined Weak Reference
    _scanf_real                               - Undefined Weak Reference
    _scanf_string                             - Undefined Weak Reference
    __Vectors_Size                           0x000001f8   Number         0  startup_stm32f767xx.o ABSOLUTE
    __Vectors                                0x08000000   Data           4  startup_stm32f767xx.o(RESET)
    __Vectors_End                            0x080001f8   Data           0  startup_stm32f767xx.o(RESET)
    __main                                   0x080001f9   Thumb Code     0  entry.o(.ARM.Collect$$$$00000000)
    _main_stk                                0x080001f9   Thumb Code     0  entry2.o(.ARM.Collect$$$$00000001)
    _main_scatterload                        0x080001fd   Thumb Code     0  entry5.o(.ARM.Collect$$$$00000004)
    __main_after_scatterload                 0x08000201   Thumb Code     0  entry5.o(.ARM.Collect$$$$00000004)
    _main_clock                              0x08000201   Thumb Code     0  entry7b.o(.ARM.Collect$$$$00000008)
    _main_cpp_init                           0x08000201   Thumb Code     0  entry8b.o(.ARM.Collect$$$$0000000A)
    _main_init                               0x08000201   Thumb Code     0  entry9a.o(.ARM.Collect$$$$0000000B)
    __rt_final_cpp                           0x08000209   Thumb Code     0  entry10a.o(.ARM.Collect$$$$0000000D)
    __rt_final_exit                          0x08000209   Thumb Code     0  entry11a.o(.ARM.Collect$$$$0000000F)
    Reset_Handler                            0x0800020d   Thumb Code     8  startup_stm32f767xx.o(.text)
    ADC_IRQHandler                           0x08000227   Thumb Code     0  startup_stm32f767xx.o(.text)
    CAN1_RX0_IRQHandler                      0x08000227   Thumb Code     0  startup_stm32f767xx.o(.text)
    CAN1_RX1_IRQHandler                      0x08000227   Thumb Code     0  startup_stm32f767xx.o(.text)
    CAN1_SCE_IRQHandler                      0x08000227   Thumb Code     0  startup_stm32f767xx.o(.text)
    CAN1_TX_IRQHandler                       0x08000227   Thumb Code     0  startup_stm32f767xx.o(.text)
    CAN2_RX0_IRQHandler                      0x08000227   Thumb Code     0  startup_stm32f767xx.o(.text)
    CAN2_RX1_IRQHandler                      0x08000227   Thumb Code     0  startup_stm32f767xx.o(.text)
    CAN2_SCE_IRQHandler                      0x08000227   Thumb Code     0  startup_stm32f767xx.o(.text)
    CAN2_TX_IRQHandler                       0x08000227   Thumb Code     0  startup_stm32f767xx.o(.text)
    CAN3_RX0_IRQHandler                      0x08000227   Thumb Code     0  startup_stm32f767xx.o(.text)
    CAN3_RX1_IRQHandler                      0x08000227   Thumb Code     0  startup_stm32f767xx.o(.text)
    CAN3_SCE_IRQHandler                      0x08000227   Thumb Code     0  startup_stm32f767xx.o(.text)
    CAN3_TX_IRQHandler                       0x08000227   Thumb Code     0  startup_stm32f767xx.o(.text)
    CEC_IRQHandler                           0x08000227   Thumb Code     0  startup_stm32f767xx.o(.text)
    DCMI_IRQHandler                          0x08000227   Thumb Code     0  startup_stm32f767xx.o(.text)
    DFSDM1_FLT0_IRQHandler                   0x08000227   Thumb Code     0  startup_stm32f767xx.o(.text)
    DFSDM1_FLT1_IRQHandler                   0x08000227   Thumb Code     0  startup_stm32f767xx.o(.text)
    DFSDM1_FLT2_IRQHandler                   0x08000227   Thumb Code     0  startup_stm32f767xx.o(.text)
    DFSDM1_FLT3_IRQHandler                   0x08000227   Thumb Code     0  startup_stm32f767xx.o(.text)
    DMA1_Stream0_IRQHandler                  0x08000227   Thumb Code     0  startup_stm32f767xx.o(.text)
    DMA1_Stream1_IRQHandler                  0x08000227   Thumb Code     0  startup_stm32f767xx.o(.text)
    DMA1_Stream2_IRQHandler                  0x08000227   Thumb Code     0  startup_stm32f767xx.o(.text)
    DMA1_Stream3_IRQHandler                  0x08000227   Thumb Code     0  startup_stm32f767xx.o(.text)
    DMA1_Stream4_IRQHandler                  0x08000227   Thumb Code     0  startup_stm32f767xx.o(.text)
    DMA1_Stream5_IRQHandler                  0x08000227   Thumb Code     0  startup_stm32f767xx.o(.text)
    DMA1_Stream6_IRQHandler                  0x08000227   Thumb Code     0  startup_stm32f767xx.o(.text)
    DMA1_Stream7_IRQHandler                  0x08000227   Thumb Code     0  startup_stm32f767xx.o(.text)
    DMA2D_IRQHandler                         0x08000227   Thumb Code     0  startup_stm32f767xx.o(.text)
    DMA2_Stream0_IRQHandler                  0x08000227   Thumb Code     0  startup_stm32f767xx.o(.text)
    DMA2_Stream1_IRQHandler                  0x08000227   Thumb Code     0  startup_stm32f767xx.o(.text)
    DMA2_Stream3_IRQHandler                  0x08000227   Thumb Code     0  startup_stm32f767xx.o(.text)
    DMA2_Stream4_IRQHandler                  0x08000227   Thumb Code     0  startup_stm32f767xx.o(.text)
    DMA2_Stream5_IRQHandler                  0x08000227   Thumb Code     0  startup_stm32f767xx.o(.text)
    DMA2_Stream6_IRQHandler                  0x08000227   Thumb Code     0  startup_stm32f767xx.o(.text)
    DMA2_Stream7_IRQHandler                  0x08000227   Thumb Code     0  startup_stm32f767xx.o(.text)
    ETH_IRQHandler                           0x08000227   Thumb Code     0  startup_stm32f767xx.o(.text)
    ETH_WKUP_IRQHandler                      0x08000227   Thumb Code     0  startup_stm32f767xx.o(.text)
    EXTI0_IRQHandler                         0x08000227   Thumb Code     0  startup_stm32f767xx.o(.text)
    EXTI15_10_IRQHandler                     0x08000227   Thumb Code     0  startup_stm32f767xx.o(.text)
    EXTI1_IRQHandler                         0x08000227   Thumb Code     0  startup_stm32f767xx.o(.text)
    EXTI2_IRQHandler                         0x08000227   Thumb Code     0  startup_stm32f767xx.o(.text)
    EXTI3_IRQHandler                         0x08000227   Thumb Code     0  startup_stm32f767xx.o(.text)
    EXTI4_IRQHandler                         0x08000227   Thumb Code     0  startup_stm32f767xx.o(.text)
    EXTI9_5_IRQHandler                       0x08000227   Thumb Code     0  startup_stm32f767xx.o(.text)
    FLASH_IRQHandler                         0x08000227   Thumb Code     0  startup_stm32f767xx.o(.text)
    FMC_IRQHandler                           0x08000227   Thumb Code     0  startup_stm32f767xx.o(.text)
    FPU_IRQHandler                           0x08000227   Thumb Code     0  startup_stm32f767xx.o(.text)
    I2C1_ER_IRQHandler                       0x08000227   Thumb Code     0  startup_stm32f767xx.o(.text)
    I2C1_EV_IRQHandler                       0x08000227   Thumb Code     0  startup_stm32f767xx.o(.text)
    I2C2_ER_IRQHandler                       0x08000227   Thumb Code     0  startup_stm32f767xx.o(.text)
    I2C2_EV_IRQHandler                       0x08000227   Thumb Code     0  startup_stm32f767xx.o(.text)
    I2C3_ER_IRQHandler                       0x08000227   Thumb Code     0  startup_stm32f767xx.o(.text)
    I2C3_EV_IRQHandler                       0x08000227   Thumb Code     0  startup_stm32f767xx.o(.text)
    I2C4_ER_IRQHandler                       0x08000227   Thumb Code     0  startup_stm32f767xx.o(.text)
    I2C4_EV_IRQHandler                       0x08000227   Thumb Code     0  startup_stm32f767xx.o(.text)
    JPEG_IRQHandler                          0x08000227   Thumb Code     0  startup_stm32f767xx.o(.text)
    LPTIM1_IRQHandler                        0x08000227   Thumb Code     0  startup_stm32f767xx.o(.text)
    LTDC_ER_IRQHandler                       0x08000227   Thumb Code     0  startup_stm32f767xx.o(.text)
    LTDC_IRQHandler                          0x08000227   Thumb Code     0  startup_stm32f767xx.o(.text)
    MDIOS_IRQHandler                         0x08000227   Thumb Code     0  startup_stm32f767xx.o(.text)
    OTG_FS_IRQHandler                        0x08000227   Thumb Code     0  startup_stm32f767xx.o(.text)
    OTG_FS_WKUP_IRQHandler                   0x08000227   Thumb Code     0  startup_stm32f767xx.o(.text)
    OTG_HS_EP1_IN_IRQHandler                 0x08000227   Thumb Code     0  startup_stm32f767xx.o(.text)
    OTG_HS_EP1_OUT_IRQHandler                0x08000227   Thumb Code     0  startup_stm32f767xx.o(.text)
    OTG_HS_IRQHandler                        0x08000227   Thumb Code     0  startup_stm32f767xx.o(.text)
    OTG_HS_WKUP_IRQHandler                   0x08000227   Thumb Code     0  startup_stm32f767xx.o(.text)
    PVD_IRQHandler                           0x08000227   Thumb Code     0  startup_stm32f767xx.o(.text)
    QUADSPI_IRQHandler                       0x08000227   Thumb Code     0  startup_stm32f767xx.o(.text)
    RCC_IRQHandler                           0x08000227   Thumb Code     0  startup_stm32f767xx.o(.text)
    RNG_IRQHandler                           0x08000227   Thumb Code     0  startup_stm32f767xx.o(.text)
    RTC_Alarm_IRQHandler                     0x08000227   Thumb Code     0  startup_stm32f767xx.o(.text)
    RTC_WKUP_IRQHandler                      0x08000227   Thumb Code     0  startup_stm32f767xx.o(.text)
    SAI1_IRQHandler                          0x08000227   Thumb Code     0  startup_stm32f767xx.o(.text)
    SAI2_IRQHandler                          0x08000227   Thumb Code     0  startup_stm32f767xx.o(.text)
    SDMMC1_IRQHandler                        0x08000227   Thumb Code     0  startup_stm32f767xx.o(.text)
    SDMMC2_IRQHandler                        0x08000227   Thumb Code     0  startup_stm32f767xx.o(.text)
    SPDIF_RX_IRQHandler                      0x08000227   Thumb Code     0  startup_stm32f767xx.o(.text)
    SPI1_IRQHandler                          0x08000227   Thumb Code     0  startup_stm32f767xx.o(.text)
    SPI2_IRQHandler                          0x08000227   Thumb Code     0  startup_stm32f767xx.o(.text)
    SPI3_IRQHandler                          0x08000227   Thumb Code     0  startup_stm32f767xx.o(.text)
    SPI4_IRQHandler                          0x08000227   Thumb Code     0  startup_stm32f767xx.o(.text)
    SPI5_IRQHandler                          0x08000227   Thumb Code     0  startup_stm32f767xx.o(.text)
    SPI6_IRQHandler                          0x08000227   Thumb Code     0  startup_stm32f767xx.o(.text)
    TAMP_STAMP_IRQHandler                    0x08000227   Thumb Code     0  startup_stm32f767xx.o(.text)
    TIM1_BRK_TIM9_IRQHandler                 0x08000227   Thumb Code     0  startup_stm32f767xx.o(.text)
    TIM1_CC_IRQHandler                       0x08000227   Thumb Code     0  startup_stm32f767xx.o(.text)
    TIM1_TRG_COM_TIM11_IRQHandler            0x08000227   Thumb Code     0  startup_stm32f767xx.o(.text)
    TIM1_UP_TIM10_IRQHandler                 0x08000227   Thumb Code     0  startup_stm32f767xx.o(.text)
    TIM2_IRQHandler                          0x08000227   Thumb Code     0  startup_stm32f767xx.o(.text)
    TIM3_IRQHandler                          0x08000227   Thumb Code     0  startup_stm32f767xx.o(.text)
    TIM4_IRQHandler                          0x08000227   Thumb Code     0  startup_stm32f767xx.o(.text)
    TIM5_IRQHandler                          0x08000227   Thumb Code     0  startup_stm32f767xx.o(.text)
    TIM6_DAC_IRQHandler                      0x08000227   Thumb Code     0  startup_stm32f767xx.o(.text)
    TIM7_IRQHandler                          0x08000227   Thumb Code     0  startup_stm32f767xx.o(.text)
    TIM8_BRK_TIM12_IRQHandler                0x08000227   Thumb Code     0  startup_stm32f767xx.o(.text)
    TIM8_CC_IRQHandler                       0x08000227   Thumb Code     0  startup_stm32f767xx.o(.text)
    TIM8_TRG_COM_TIM14_IRQHandler            0x08000227   Thumb Code     0  startup_stm32f767xx.o(.text)
    TIM8_UP_TIM13_IRQHandler                 0x08000227   Thumb Code     0  startup_stm32f767xx.o(.text)
    UART4_IRQHandler                         0x08000227   Thumb Code     0  startup_stm32f767xx.o(.text)
    UART5_IRQHandler                         0x08000227   Thumb Code     0  startup_stm32f767xx.o(.text)
    UART7_IRQHandler                         0x08000227   Thumb Code     0  startup_stm32f767xx.o(.text)
    UART8_IRQHandler                         0x08000227   Thumb Code     0  startup_stm32f767xx.o(.text)
    USART2_IRQHandler                        0x08000227   Thumb Code     0  startup_stm32f767xx.o(.text)
    USART3_IRQHandler                        0x08000227   Thumb Code     0  startup_stm32f767xx.o(.text)
    USART6_IRQHandler                        0x08000227   Thumb Code     0  startup_stm32f767xx.o(.text)
    WWDG_IRQHandler                          0x08000227   Thumb Code     0  startup_stm32f767xx.o(.text)
    __aeabi_uldivmod                         0x08000231   Thumb Code    98  uldiv.o(.text)
    __aeabi_memset                           0x08000293   Thumb Code    14  memseta.o(.text)
    __aeabi_memset4                          0x08000293   Thumb Code     0  memseta.o(.text)
    __aeabi_memset8                          0x08000293   Thumb Code     0  memseta.o(.text)
    __aeabi_memclr                           0x080002a1   Thumb Code     4  memseta.o(.text)
    __aeabi_memclr4                          0x080002a1   Thumb Code     0  memseta.o(.text)
    __aeabi_memclr8                          0x080002a1   Thumb Code     0  memseta.o(.text)
    _memset$wrapper                          0x080002a5   Thumb Code    18  memseta.o(.text)
    __aeabi_llsl                             0x080002b7   Thumb Code    30  llshl.o(.text)
    _ll_shift_l                              0x080002b7   Thumb Code     0  llshl.o(.text)
    __aeabi_llsr                             0x080002d5   Thumb Code    32  llushr.o(.text)
    _ll_ushift_r                             0x080002d5   Thumb Code     0  llushr.o(.text)
    __scatterload                            0x080002f5   Thumb Code    38  init.o(.text)
    __scatterload_rt2                        0x080002f5   Thumb Code     0  init.o(.text)
    Bsp_W25q256_Erasure_Sector               0x08000329   Thumb Code   296  bsp_w25q256.o(.text.Bsp_W25q256_Erasure_Sector)
    Bsp_W25q256_Read_page                    0x08000479   Thumb Code   110  bsp_w25q256.o(.text.Bsp_W25q256_Read_page)
    Bsp_W25q256_Write_Page                   0x080004e9   Thumb Code   340  bsp_w25q256.o(.text.Bsp_W25q256_Write_Page)
    Bsp_W25q64_ReadId                        0x08000699   Thumb Code   120  bsp_w25q256.o(.text.Bsp_W25q64_ReadId)
    BusFault_Handler                         0x08000739   Thumb Code     2  stm32f7xx_it.o(.text.BusFault_Handler)
    Circular_Buf_Init                        0x08000741   Thumb Code    10  circular_buf.o(.text.Circular_Buf_Init)
    Circular_Buf_Put                         0x08000751   Thumb Code   126  circular_buf.o(.text.Circular_Buf_Put)
    Circular_Buf_Put_1B                      0x080007d1   Thumb Code    58  circular_buf.o(.text.Circular_Buf_Put_1B)
    DMA2_Stream2_IRQHandler                  0x08000811   Thumb Code    12  stm32f7xx_it.o(.text.DMA2_Stream2_IRQHandler)
    DWT_Delay_Init                           0x08000821   Thumb Code    64  system.o(.text.DWT_Delay_Init)
    DebugMon_Handler                         0x08000861   Thumb Code     2  stm32f7xx_it.o(.text.DebugMon_Handler)
    Error_Handler                            0x08000869   Thumb Code    10  main.o(.text.Error_Handler)
    HAL_DMA_Abort                            0x08000879   Thumb Code   128  stm32f7xx_hal_dma.o(.text.HAL_DMA_Abort)
    HAL_DMA_Abort_IT                         0x080008f9   Thumb Code    36  stm32f7xx_hal_dma.o(.text.HAL_DMA_Abort_IT)
    HAL_DMA_GetError                         0x08000921   Thumb Code     4  stm32f7xx_hal_dma.o(.text.HAL_DMA_GetError)
    HAL_DMA_IRQHandler                       0x08000929   Thumb Code   392  stm32f7xx_hal_dma.o(.text.HAL_DMA_IRQHandler)
    HAL_DMA_Init                             0x08000ab1   Thumb Code   316  stm32f7xx_hal_dma.o(.text.HAL_DMA_Init)
    HAL_DMA_Start_IT                         0x08000bf1   Thumb Code   172  stm32f7xx_hal_dma.o(.text.HAL_DMA_Start_IT)
    HAL_Delay                                0x08000ca1   Thumb Code    40  stm32f7xx_hal.o(.text.HAL_Delay)
    HAL_GPIO_Init                            0x08000cc9   Thumb Code   412  stm32f7xx_hal_gpio.o(.text.HAL_GPIO_Init)
    HAL_GPIO_WritePin                        0x08000e69   Thumb Code    10  stm32f7xx_hal_gpio.o(.text.HAL_GPIO_WritePin)
    HAL_GetTick                              0x08000e79   Thumb Code    12  stm32f7xx_hal.o(.text.HAL_GetTick)
    HAL_I2CEx_ConfigAnalogFilter             0x08000e89   Thumb Code    74  stm32f7xx_hal_i2c_ex.o(.text.HAL_I2CEx_ConfigAnalogFilter)
    HAL_I2CEx_ConfigDigitalFilter            0x08000ed9   Thumb Code    72  stm32f7xx_hal_i2c_ex.o(.text.HAL_I2CEx_ConfigDigitalFilter)
    HAL_I2C_Init                             0x08000f21   Thumb Code   168  stm32f7xx_hal_i2c.o(.text.HAL_I2C_Init)
    HAL_I2C_MspInit                          0x08000fc9   Thumb Code   142  i2c.o(.text.HAL_I2C_MspInit)
    HAL_IncTick                              0x08001059   Thumb Code    26  stm32f7xx_hal.o(.text.HAL_IncTick)
    HAL_Init                                 0x08001079   Thumb Code    22  stm32f7xx_hal.o(.text.HAL_Init)
    HAL_InitTick                             0x08001091   Thumb Code    80  stm32f7xx_hal.o(.text.HAL_InitTick)
    HAL_MspInit                              0x080010e1   Thumb Code    50  stm32f7xx_hal_msp.o(.text.HAL_MspInit)
    HAL_NVIC_EnableIRQ                       0x08001119   Thumb Code    32  stm32f7xx_hal_cortex.o(.text.HAL_NVIC_EnableIRQ)
    HAL_NVIC_SetPriority                     0x08001139   Thumb Code    90  stm32f7xx_hal_cortex.o(.text.HAL_NVIC_SetPriority)
    HAL_NVIC_SetPriorityGrouping             0x08001199   Thumb Code    32  stm32f7xx_hal_cortex.o(.text.HAL_NVIC_SetPriorityGrouping)
    HAL_PWREx_EnableOverDrive                0x080011b9   Thumb Code   118  stm32f7xx_hal_pwr_ex.o(.text.HAL_PWREx_EnableOverDrive)
    HAL_PWR_EnableBkUpAccess                 0x08001231   Thumb Code    18  stm32f7xx_hal_pwr.o(.text.HAL_PWR_EnableBkUpAccess)
    HAL_RCCEx_PeriphCLKConfig                0x08001249   Thumb Code  1452  stm32f7xx_hal_rcc_ex.o(.text.HAL_RCCEx_PeriphCLKConfig)
    HAL_RCC_ClockConfig                      0x080017f9   Thumb Code   456  stm32f7xx_hal_rcc.o(.text.HAL_RCC_ClockConfig)
    HAL_RCC_GetPCLK1Freq                     0x080019c1   Thumb Code    38  stm32f7xx_hal_rcc.o(.text.HAL_RCC_GetPCLK1Freq)
    HAL_RCC_GetPCLK2Freq                     0x080019e9   Thumb Code    38  stm32f7xx_hal_rcc.o(.text.HAL_RCC_GetPCLK2Freq)
    HAL_RCC_GetSysClockFreq                  0x08001a11   Thumb Code   106  stm32f7xx_hal_rcc.o(.text.HAL_RCC_GetSysClockFreq)
    HAL_RCC_OscConfig                        0x08001a81   Thumb Code   860  stm32f7xx_hal_rcc.o(.text.HAL_RCC_OscConfig)
    HAL_SPI_Init                             0x08001de1   Thumb Code   226  stm32f7xx_hal_spi.o(.text.HAL_SPI_Init)
    HAL_SPI_MspInit                          0x08001ec9   Thumb Code   110  spi.o(.text.HAL_SPI_MspInit)
    HAL_SPI_Receive                          0x08001f39   Thumb Code   394  stm32f7xx_hal_spi.o(.text.HAL_SPI_Receive)
    HAL_SPI_Transmit                         0x080020c9   Thumb Code   444  stm32f7xx_hal_spi.o(.text.HAL_SPI_Transmit)
    HAL_SPI_TransmitReceive                  0x08002289   Thumb Code   624  stm32f7xx_hal_spi.o(.text.HAL_SPI_TransmitReceive)
    HAL_SYSTICK_Config                       0x080024f9   Thumb Code    44  stm32f7xx_hal_cortex.o(.text.HAL_SYSTICK_Config)
    HAL_UARTEx_RxEventCallback               0x08002529   Thumb Code     2  stm32f7xx_hal_uart.o(.text.HAL_UARTEx_RxEventCallback)
    HAL_UARTEx_WakeupCallback                0x08002531   Thumb Code     2  stm32f7xx_hal_uart.o(.text.HAL_UARTEx_WakeupCallback)
    HAL_UART_DMAStop                         0x08002539   Thumb Code   242  stm32f7xx_hal_uart.o(.text.HAL_UART_DMAStop)
    HAL_UART_ErrorCallback                   0x08002631   Thumb Code     2  stm32f7xx_hal_uart.o(.text.HAL_UART_ErrorCallback)
    HAL_UART_IRQHandler                      0x08002639   Thumb Code   846  stm32f7xx_hal_uart.o(.text.HAL_UART_IRQHandler)
    HAL_UART_Init                            0x08002989   Thumb Code    96  stm32f7xx_hal_uart.o(.text.HAL_UART_Init)
    HAL_UART_MspInit                         0x080029e9   Thumb Code   218  usart.o(.text.HAL_UART_MspInit)
    HAL_UART_Receive_DMA                     0x08002ac9   Thumb Code   242  stm32f7xx_hal_uart.o(.text.HAL_UART_Receive_DMA)
    HAL_UART_RxCpltCallback                  0x08002bc1   Thumb Code     2  stm32f7xx_hal_uart.o(.text.HAL_UART_RxCpltCallback)
    HAL_UART_RxHalfCpltCallback              0x08002bc9   Thumb Code     2  stm32f7xx_hal_uart.o(.text.HAL_UART_RxHalfCpltCallback)
    HAL_UART_Transmit                        0x08002bd1   Thumb Code   250  stm32f7xx_hal_uart.o(.text.HAL_UART_Transmit)
    HAL_UART_TxCpltCallback                  0x08002cd1   Thumb Code     2  stm32f7xx_hal_uart.o(.text.HAL_UART_TxCpltCallback)
    HardFault_Handler                        0x08002cd9   Thumb Code     2  stm32f7xx_it.o(.text.HardFault_Handler)
    MX_DMA_Init                              0x08002ce1   Thumb Code    52  dma.o(.text.MX_DMA_Init)
    MX_GPIO_Init                             0x08002d19   Thumb Code   180  gpio.o(.text.MX_GPIO_Init)
    MX_I2C2_Init                             0x08002dd1   Thumb Code   112  i2c.o(.text.MX_I2C2_Init)
    MX_SPI1_Init                             0x08002e41   Thumb Code    82  spi.o(.text.MX_SPI1_Init)
    MX_USART1_UART_Init                      0x08002e99   Thumb Code    70  usart.o(.text.MX_USART1_UART_Init)
    MemManage_Handler                        0x08002ee1   Thumb Code     2  stm32f7xx_it.o(.text.MemManage_Handler)
    NMI_Handler                              0x08002ee9   Thumb Code     2  stm32f7xx_it.o(.text.NMI_Handler)
    PendSV_Handler                           0x08002ef1   Thumb Code     2  stm32f7xx_it.o(.text.PendSV_Handler)
    SVC_Handler                              0x080031d1   Thumb Code     2  stm32f7xx_it.o(.text.SVC_Handler)
    SysTick_Handler                          0x080031d9   Thumb Code     4  stm32f7xx_it.o(.text.SysTick_Handler)
    SystemClock_Config                       0x080031e1   Thumb Code   198  main.o(.text.SystemClock_Config)
    SystemInit                               0x080032a9   Thumb Code    18  system_stm32f7xx.o(.text.SystemInit)
    UART_AdvFeatureConfig                    0x080032c1   Thumb Code   224  stm32f7xx_hal_uart.o(.text.UART_AdvFeatureConfig)
    UART_CheckIdleState                      0x080033a1   Thumb Code   184  stm32f7xx_hal_uart.o(.text.UART_CheckIdleState)
    UART_SetConfig                           0x080035f1   Thumb Code   550  stm32f7xx_hal_uart.o(.text.UART_SetConfig)
    UART_WaitOnFlagUntilTimeout              0x08003819   Thumb Code   310  stm32f7xx_hal_uart.o(.text.UART_WaitOnFlagUntilTimeout)
    USART1_IRQHandler                        0x08003951   Thumb Code   158  stm32f7xx_it.o(.text.USART1_IRQHandler)
    UsageFault_Handler                       0x080039f1   Thumb Code     2  stm32f7xx_it.o(.text.UsageFault_Handler)
    delay_us                                 0x080039f9   Thumb Code    56  system.o(.text.delay_us)
    fputc                                    0x08003a31   Thumb Code    32  usart.o(.text.fputc)
    main                                     0x08003a51   Thumb Code   232  main.o(.text.main)
    __0printf$8                              0x08003b91   Thumb Code    22  printf8.o(i.__0printf$8)
    __1printf$8                              0x08003b91   Thumb Code     0  printf8.o(i.__0printf$8)
    __2printf                                0x08003b91   Thumb Code     0  printf8.o(i.__0printf$8)
    __scatterload_copy                       0x08003bb1   Thumb Code    14  handlers.o(i.__scatterload_copy)
    __scatterload_null                       0x08003bbf   Thumb Code     2  handlers.o(i.__scatterload_null)
    __scatterload_zeroinit                   0x08003bc1   Thumb Code    14  handlers.o(i.__scatterload_zeroinit)
    puts                                     0x08004035   Thumb Code    30  puts.o(i.puts)
    AHBPrescTable                            0x08004058   Data          16  system_stm32f7xx.o(.rodata.AHBPrescTable)
    APBPrescTable                            0x08004068   Data           8  system_stm32f7xx.o(.rodata.APBPrescTable)
    Region$$Table$$Base                      0x08004098   Number         0  anon$$obj.o(Region$$Table)
    Region$$Table$$Limit                     0x080040b8   Number         0  anon$$obj.o(Region$$Table)
    __stdout                                 0x20000000   Data           4  stdout.o(.data)
    SystemCoreClock                          0x20000004   Data           4  system_stm32f7xx.o(.data.SystemCoreClock)
    uwTickFreq                               0x20000008   Data           1  stm32f7xx_hal.o(.data.uwTickFreq)
    uwTickPrio                               0x2000000c   Data           4  stm32f7xx_hal.o(.data.uwTickPrio)
    Rx_Cir_BufHandle                         0x20000010   Data           4  usart.o(.bss.Rx_Cir_BufHandle)
    cmd_flag                                 0x20000014   Data           1  stm32f7xx_it.o(.bss.cmd_flag)
    dma_buf                                  0x20000015   Data        1024  usart.o(.bss.dma_buf)
    hdma_usart1_rx                           0x20000418   Data          96  usart.o(.bss.hdma_usart1_rx)
    hi2c2                                    0x20000478   Data          84  i2c.o(.bss.hi2c2)
    hspi1                                    0x200004cc   Data         100  spi.o(.bss.hspi1)
    huart1                                   0x20000530   Data         136  usart.o(.bss.huart1)
    rx_cir_buf                               0x200005b8   Data        1024  usart.o(.bss.rx_cir_buf)
    rx_len                                   0x200009b8   Data           2  usart.o(.bss.rx_len)
    uwTick                                   0x200009bc   Data           4  stm32f7xx_hal.o(.bss.uwTick)
    __initial_sp                             0x20000dc0   Data           0  startup_stm32f767xx.o(STACK)



==============================================================================

Memory Map of the image

  Image Entry point : 0x080001f9

  Load Region LR_IROM1 (Base: 0x08000000, Size: 0x000040c8, Max: 0x00100000, ABSOLUTE)

    Execution Region ER_IROM1 (Exec base: 0x08000000, Load base: 0x08000000, Size: 0x000040b8, Max: 0x00100000, ABSOLUTE)

    Exec Addr    Load Addr    Size         Type   Attr      Idx    E Section Name        Object

    0x08000000   0x08000000   0x000001f8   Data   RO            3    RESET               startup_stm32f767xx.o
    0x080001f8   0x080001f8   0x00000000   Code   RO         1140  * .ARM.Collect$$$$00000000  mc_w.l(entry.o)
    0x080001f8   0x080001f8   0x00000004   Code   RO         1422    .ARM.Collect$$$$00000001  mc_w.l(entry2.o)
    0x080001fc   0x080001fc   0x00000004   Code   RO         1425    .ARM.Collect$$$$00000004  mc_w.l(entry5.o)
    0x08000200   0x08000200   0x00000000   Code   RO         1427    .ARM.Collect$$$$00000008  mc_w.l(entry7b.o)
    0x08000200   0x08000200   0x00000000   Code   RO         1429    .ARM.Collect$$$$0000000A  mc_w.l(entry8b.o)
    0x08000200   0x08000200   0x00000008   Code   RO         1430    .ARM.Collect$$$$0000000B  mc_w.l(entry9a.o)
    0x08000208   0x08000208   0x00000000   Code   RO         1432    .ARM.Collect$$$$0000000D  mc_w.l(entry10a.o)
    0x08000208   0x08000208   0x00000000   Code   RO         1434    .ARM.Collect$$$$0000000F  mc_w.l(entry11a.o)
    0x08000208   0x08000208   0x00000004   Code   RO         1423    .ARM.Collect$$$$00002712  mc_w.l(entry2.o)
    0x0800020c   0x0800020c   0x00000024   Code   RO            4    .text               startup_stm32f767xx.o
    0x08000230   0x08000230   0x00000062   Code   RO         1149    .text               mc_w.l(uldiv.o)
    0x08000292   0x08000292   0x00000024   Code   RO         1153    .text               mc_w.l(memseta.o)
    0x080002b6   0x080002b6   0x0000001e   Code   RO         1448    .text               mc_w.l(llshl.o)
    0x080002d4   0x080002d4   0x00000020   Code   RO         1450    .text               mc_w.l(llushr.o)
    0x080002f4   0x080002f4   0x00000030   Code   RO         1469    .text               mc_w.l(init.o)
    0x08000324   0x08000324   0x00000004   PAD
    0x08000328   0x08000328   0x00000150   Code   RO         1062    .text.Bsp_W25q256_Erasure_Sector  bsp_w25q256.o
    0x08000478   0x08000478   0x0000006e   Code   RO         1060    .text.Bsp_W25q256_Read_page  bsp_w25q256.o
    0x080004e6   0x080004e6   0x00000002   PAD
    0x080004e8   0x080004e8   0x000001ac   Code   RO         1058    .text.Bsp_W25q256_Write_Page  bsp_w25q256.o
    0x08000694   0x08000694   0x00000004   PAD
    0x08000698   0x08000698   0x0000009c   Code   RO         1066    .text.Bsp_W25q64_ReadId  bsp_w25q256.o
    0x08000734   0x08000734   0x00000004   PAD
    0x08000738   0x08000738   0x00000002   Code   RO          119    .text.BusFault_Handler  stm32f7xx_it.o
    0x0800073a   0x0800073a   0x00000006   PAD
    0x08000740   0x08000740   0x0000000a   Code   RO           11    .text.Circular_Buf_Init  circular_buf.o
    0x0800074a   0x0800074a   0x00000006   PAD
    0x08000750   0x08000750   0x0000007e   Code   RO           15    .text.Circular_Buf_Put  circular_buf.o
    0x080007ce   0x080007ce   0x00000002   PAD
    0x080007d0   0x080007d0   0x0000003a   Code   RO           13    .text.Circular_Buf_Put_1B  circular_buf.o
    0x0800080a   0x0800080a   0x00000006   PAD
    0x08000810   0x08000810   0x0000000c   Code   RO          133    .text.DMA2_Stream2_IRQHandler  stm32f7xx_it.o
    0x0800081c   0x0800081c   0x00000004   PAD
    0x08000820   0x08000820   0x00000040   Code   RO         1129    .text.DWT_Delay_Init  system.o
    0x08000860   0x08000860   0x00000002   Code   RO          125    .text.DebugMon_Handler  stm32f7xx_it.o
    0x08000862   0x08000862   0x00000006   PAD
    0x08000868   0x08000868   0x0000000a   Code   RO           31    .text.Error_Handler  main.o
    0x08000872   0x08000872   0x00000006   PAD
    0x08000878   0x08000878   0x00000080   Code   RO          512    .text.HAL_DMA_Abort  stm32f7xx_hal_dma.o
    0x080008f8   0x080008f8   0x00000024   Code   RO          514    .text.HAL_DMA_Abort_IT  stm32f7xx_hal_dma.o
    0x0800091c   0x0800091c   0x00000004   PAD
    0x08000920   0x08000920   0x00000004   Code   RO          526    .text.HAL_DMA_GetError  stm32f7xx_hal_dma.o
    0x08000924   0x08000924   0x00000004   PAD
    0x08000928   0x08000928   0x00000188   Code   RO          518    .text.HAL_DMA_IRQHandler  stm32f7xx_hal_dma.o
    0x08000ab0   0x08000ab0   0x0000013c   Code   RO          504    .text.HAL_DMA_Init  stm32f7xx_hal_dma.o
    0x08000bec   0x08000bec   0x00000004   PAD
    0x08000bf0   0x08000bf0   0x000000ac   Code   RO          510    .text.HAL_DMA_Start_IT  stm32f7xx_hal_dma.o
    0x08000c9c   0x08000c9c   0x00000004   PAD
    0x08000ca0   0x08000ca0   0x00000028   Code   RO          647    .text.HAL_Delay     stm32f7xx_hal.o
    0x08000cc8   0x08000cc8   0x0000019c   Code   RO          480    .text.HAL_GPIO_Init  stm32f7xx_hal_gpio.o
    0x08000e64   0x08000e64   0x00000004   PAD
    0x08000e68   0x08000e68   0x0000000a   Code   RO          486    .text.HAL_GPIO_WritePin  stm32f7xx_hal_gpio.o
    0x08000e72   0x08000e72   0x00000006   PAD
    0x08000e78   0x08000e78   0x0000000c   Code   RO          639    .text.HAL_GetTick   stm32f7xx_hal.o
    0x08000e84   0x08000e84   0x00000004   PAD
    0x08000e88   0x08000e88   0x0000004a   Code   RO          355    .text.HAL_I2CEx_ConfigAnalogFilter  stm32f7xx_hal_i2c_ex.o
    0x08000ed2   0x08000ed2   0x00000006   PAD
    0x08000ed8   0x08000ed8   0x00000048   Code   RO          357    .text.HAL_I2CEx_ConfigDigitalFilter  stm32f7xx_hal_i2c_ex.o
    0x08000f20   0x08000f20   0x000000a8   Code   RO          201    .text.HAL_I2C_Init  stm32f7xx_hal_i2c.o
    0x08000fc8   0x08000fc8   0x0000008e   Code   RO           63    .text.HAL_I2C_MspInit  i2c.o
    0x08001056   0x08001056   0x00000002   PAD
    0x08001058   0x08001058   0x0000001a   Code   RO          637    .text.HAL_IncTick   stm32f7xx_hal.o
    0x08001072   0x08001072   0x00000006   PAD
    0x08001078   0x08001078   0x00000016   Code   RO          627    .text.HAL_Init      stm32f7xx_hal.o
    0x0800108e   0x0800108e   0x00000002   PAD
    0x08001090   0x08001090   0x00000050   Code   RO          629    .text.HAL_InitTick  stm32f7xx_hal.o
    0x080010e0   0x080010e0   0x00000032   Code   RO          143    .text.HAL_MspInit   stm32f7xx_hal_msp.o
    0x08001112   0x08001112   0x00000006   PAD
    0x08001118   0x08001118   0x00000020   Code   RO          155    .text.HAL_NVIC_EnableIRQ  stm32f7xx_hal_cortex.o
    0x08001138   0x08001138   0x0000005a   Code   RO          153    .text.HAL_NVIC_SetPriority  stm32f7xx_hal_cortex.o
    0x08001192   0x08001192   0x00000006   PAD
    0x08001198   0x08001198   0x00000020   Code   RO          151    .text.HAL_NVIC_SetPriorityGrouping  stm32f7xx_hal_cortex.o
    0x080011b8   0x080011b8   0x00000076   Code   RO          609    .text.HAL_PWREx_EnableOverDrive  stm32f7xx_hal_pwr_ex.o
    0x0800122e   0x0800122e   0x00000002   PAD
    0x08001230   0x08001230   0x00000012   Code   RO          553    .text.HAL_PWR_EnableBkUpAccess  stm32f7xx_hal_pwr.o
    0x08001242   0x08001242   0x00000006   PAD
    0x08001248   0x08001248   0x000005ac   Code   RO          407    .text.HAL_RCCEx_PeriphCLKConfig  stm32f7xx_hal_rcc_ex.o
    0x080017f4   0x080017f4   0x00000004   PAD
    0x080017f8   0x080017f8   0x000001c8   Code   RO          375    .text.HAL_RCC_ClockConfig  stm32f7xx_hal_rcc.o
    0x080019c0   0x080019c0   0x00000026   Code   RO          387    .text.HAL_RCC_GetPCLK1Freq  stm32f7xx_hal_rcc.o
    0x080019e6   0x080019e6   0x00000002   PAD
    0x080019e8   0x080019e8   0x00000026   Code   RO          389    .text.HAL_RCC_GetPCLK2Freq  stm32f7xx_hal_rcc.o
    0x08001a0e   0x08001a0e   0x00000002   PAD
    0x08001a10   0x08001a10   0x0000006a   Code   RO          377    .text.HAL_RCC_GetSysClockFreq  stm32f7xx_hal_rcc.o
    0x08001a7a   0x08001a7a   0x00000006   PAD
    0x08001a80   0x08001a80   0x0000035c   Code   RO          373    .text.HAL_RCC_OscConfig  stm32f7xx_hal_rcc.o
    0x08001ddc   0x08001ddc   0x00000004   PAD
    0x08001de0   0x08001de0   0x000000e2   Code   RO          726    .text.HAL_SPI_Init  stm32f7xx_hal_spi.o
    0x08001ec2   0x08001ec2   0x00000006   PAD
    0x08001ec8   0x08001ec8   0x0000006e   Code   RO           78    .text.HAL_SPI_MspInit  spi.o
    0x08001f36   0x08001f36   0x00000002   PAD
    0x08001f38   0x08001f38   0x0000018a   Code   RO          738    .text.HAL_SPI_Receive  stm32f7xx_hal_spi.o
    0x080020c2   0x080020c2   0x00000006   PAD
    0x080020c8   0x080020c8   0x000001bc   Code   RO          734    .text.HAL_SPI_Transmit  stm32f7xx_hal_spi.o
    0x08002284   0x08002284   0x00000004   PAD
    0x08002288   0x08002288   0x00000270   Code   RO          740    .text.HAL_SPI_TransmitReceive  stm32f7xx_hal_spi.o
    0x080024f8   0x080024f8   0x0000002c   Code   RO          163    .text.HAL_SYSTICK_Config  stm32f7xx_hal_cortex.o
    0x08002524   0x08002524   0x00000004   PAD
    0x08002528   0x08002528   0x00000002   Code   RO          941    .text.HAL_UARTEx_RxEventCallback  stm32f7xx_hal_uart.o
    0x0800252a   0x0800252a   0x00000006   PAD
    0x08002530   0x08002530   0x00000002   Code   RO          943    .text.HAL_UARTEx_WakeupCallback  stm32f7xx_hal_uart.o
    0x08002532   0x08002532   0x00000006   PAD
    0x08002538   0x08002538   0x000000f2   Code   RO          907    .text.HAL_UART_DMAStop  stm32f7xx_hal_uart.o
    0x0800262a   0x0800262a   0x00000006   PAD
    0x08002630   0x08002630   0x00000002   Code   RO          939    .text.HAL_UART_ErrorCallback  stm32f7xx_hal_uart.o
    0x08002632   0x08002632   0x00000006   PAD
    0x08002638   0x08002638   0x0000034e   Code   RO          935    .text.HAL_UART_IRQHandler  stm32f7xx_hal_uart.o
    0x08002986   0x08002986   0x00000002   PAD
    0x08002988   0x08002988   0x00000060   Code   RO          855    .text.HAL_UART_Init  stm32f7xx_hal_uart.o
    0x080029e8   0x080029e8   0x000000da   Code   RO           93    .text.HAL_UART_MspInit  usart.o
    0x08002ac2   0x08002ac2   0x00000006   PAD
    0x08002ac8   0x08002ac8   0x000000f2   Code   RO          899    .text.HAL_UART_Receive_DMA  stm32f7xx_hal_uart.o
    0x08002bba   0x08002bba   0x00000006   PAD
    0x08002bc0   0x08002bc0   0x00000002   Code   RO          949    .text.HAL_UART_RxCpltCallback  stm32f7xx_hal_uart.o
    0x08002bc2   0x08002bc2   0x00000006   PAD
    0x08002bc8   0x08002bc8   0x00000002   Code   RO          951    .text.HAL_UART_RxHalfCpltCallback  stm32f7xx_hal_uart.o
    0x08002bca   0x08002bca   0x00000006   PAD
    0x08002bd0   0x08002bd0   0x000000fa   Code   RO          875    .text.HAL_UART_Transmit  stm32f7xx_hal_uart.o
    0x08002cca   0x08002cca   0x00000006   PAD
    0x08002cd0   0x08002cd0   0x00000002   Code   RO          945    .text.HAL_UART_TxCpltCallback  stm32f7xx_hal_uart.o
    0x08002cd2   0x08002cd2   0x00000006   PAD
    0x08002cd8   0x08002cd8   0x00000002   Code   RO          115    .text.HardFault_Handler  stm32f7xx_it.o
    0x08002cda   0x08002cda   0x00000006   PAD
    0x08002ce0   0x08002ce0   0x00000034   Code   RO           52    .text.MX_DMA_Init   dma.o
    0x08002d14   0x08002d14   0x00000004   PAD
    0x08002d18   0x08002d18   0x000000b4   Code   RO           43    .text.MX_GPIO_Init  gpio.o
    0x08002dcc   0x08002dcc   0x00000004   PAD
    0x08002dd0   0x08002dd0   0x00000070   Code   RO           61    .text.MX_I2C2_Init  i2c.o
    0x08002e40   0x08002e40   0x00000052   Code   RO           76    .text.MX_SPI1_Init  spi.o
    0x08002e92   0x08002e92   0x00000006   PAD
    0x08002e98   0x08002e98   0x00000046   Code   RO           91    .text.MX_USART1_UART_Init  usart.o
    0x08002ede   0x08002ede   0x00000002   PAD
    0x08002ee0   0x08002ee0   0x00000002   Code   RO          117    .text.MemManage_Handler  stm32f7xx_it.o
    0x08002ee2   0x08002ee2   0x00000006   PAD
    0x08002ee8   0x08002ee8   0x00000002   Code   RO          113    .text.NMI_Handler   stm32f7xx_it.o
    0x08002eea   0x08002eea   0x00000006   PAD
    0x08002ef0   0x08002ef0   0x00000002   Code   RO          127    .text.PendSV_Handler  stm32f7xx_it.o
    0x08002ef2   0x08002ef2   0x00000006   PAD
    0x08002ef8   0x08002ef8   0x000000ac   Code   RO          742    .text.SPI_EndRxTransaction  stm32f7xx_hal_spi.o
    0x08002fa4   0x08002fa4   0x00000004   PAD
    0x08002fa8   0x08002fa8   0x00000086   Code   RO          736    .text.SPI_EndRxTxTransaction  stm32f7xx_hal_spi.o
    0x0800302e   0x0800302e   0x00000002   PAD
    0x08003030   0x08003030   0x000000e6   Code   RO          792    .text.SPI_WaitFifoStateUntilTimeout  stm32f7xx_hal_spi.o
    0x08003116   0x08003116   0x00000002   PAD
    0x08003118   0x08003118   0x000000b2   Code   RO          794    .text.SPI_WaitFlagStateUntilTimeout  stm32f7xx_hal_spi.o
    0x080031ca   0x080031ca   0x00000006   PAD
    0x080031d0   0x080031d0   0x00000002   Code   RO          123    .text.SVC_Handler   stm32f7xx_it.o
    0x080031d2   0x080031d2   0x00000006   PAD
    0x080031d8   0x080031d8   0x00000004   Code   RO          129    .text.SysTick_Handler  stm32f7xx_it.o
    0x080031dc   0x080031dc   0x00000004   PAD
    0x080031e0   0x080031e0   0x000000c6   Code   RO           29    .text.SystemClock_Config  main.o
    0x080032a6   0x080032a6   0x00000002   PAD
    0x080032a8   0x080032a8   0x00000012   Code   RO         1022    .text.SystemInit    system_stm32f7xx.o
    0x080032ba   0x080032ba   0x00000006   PAD
    0x080032c0   0x080032c0   0x000000e0   Code   RO          859    .text.UART_AdvFeatureConfig  stm32f7xx_hal_uart.o
    0x080033a0   0x080033a0   0x000000b8   Code   RO          863    .text.UART_CheckIdleState  stm32f7xx_hal_uart.o
    0x08003458   0x08003458   0x0000000c   Code   RO          937    .text.UART_DMAAbortOnError  stm32f7xx_hal_uart.o
    0x08003464   0x08003464   0x00000004   PAD
    0x08003468   0x08003468   0x000000a8   Code   RO          897    .text.UART_DMAError  stm32f7xx_hal_uart.o
    0x08003510   0x08003510   0x000000a2   Code   RO          979    .text.UART_DMAReceiveCplt  stm32f7xx_hal_uart.o
    0x080035b2   0x080035b2   0x00000006   PAD
    0x080035b8   0x080035b8   0x00000036   Code   RO          981    .text.UART_DMARxHalfCplt  stm32f7xx_hal_uart.o
    0x080035ee   0x080035ee   0x00000002   PAD
    0x080035f0   0x080035f0   0x00000226   Code   RO          861    .text.UART_SetConfig  stm32f7xx_hal_uart.o
    0x08003816   0x08003816   0x00000002   PAD
    0x08003818   0x08003818   0x00000136   Code   RO          877    .text.UART_WaitOnFlagUntilTimeout  stm32f7xx_hal_uart.o
    0x0800394e   0x0800394e   0x00000002   PAD
    0x08003950   0x08003950   0x0000009e   Code   RO          131    .text.USART1_IRQHandler  stm32f7xx_it.o
    0x080039ee   0x080039ee   0x00000002   PAD
    0x080039f0   0x080039f0   0x00000002   Code   RO          121    .text.UsageFault_Handler  stm32f7xx_it.o
    0x080039f2   0x080039f2   0x00000006   PAD
    0x080039f8   0x080039f8   0x00000038   Code   RO         1131    .text.delay_us      system.o
    0x08003a30   0x08003a30   0x00000020   Code   RO           97    .text.fputc         usart.o
    0x08003a50   0x08003a50   0x00000140   Code   RO           27    .text.main          main.o
    0x08003b90   0x08003b90   0x00000020   Code   RO         1364    i.__0printf$8       mc_w.l(printf8.o)
    0x08003bb0   0x08003bb0   0x0000000e   Code   RO         1484    i.__scatterload_copy  mc_w.l(handlers.o)
    0x08003bbe   0x08003bbe   0x00000002   Code   RO         1485    i.__scatterload_null  mc_w.l(handlers.o)
    0x08003bc0   0x08003bc0   0x0000000e   Code   RO         1486    i.__scatterload_zeroinit  mc_w.l(handlers.o)
    0x08003bce   0x08003bce   0x00000002   PAD
    0x08003bd0   0x08003bd0   0x00000410   Code   RO         1371    i._printf_core      mc_w.l(printf8.o)
    0x08003fe0   0x08003fe0   0x00000024   Code   RO         1372    i._printf_post_padding  mc_w.l(printf8.o)
    0x08004004   0x08004004   0x0000002e   Code   RO         1373    i._printf_pre_padding  mc_w.l(printf8.o)
    0x08004032   0x08004032   0x00000002   PAD
    0x08004034   0x08004034   0x00000024   Code   RO         1143    i.puts              mc_w.l(puts.o)
    0x08004058   0x08004058   0x00000010   Data   RO         1027    .rodata.AHBPrescTable  system_stm32f7xx.o
    0x08004068   0x08004068   0x00000008   Data   RO         1028    .rodata.APBPrescTable  system_stm32f7xx.o
    0x08004070   0x08004070   0x00000020   Data   RO          983    .rodata.cst16       stm32f7xx_hal_uart.o
    0x08004090   0x08004090   0x00000008   Data   RO          528    .rodata.cst8        stm32f7xx_hal_dma.o
    0x08004098   0x08004098   0x00000020   Data   RO         1483    Region$$Table       anon$$obj.o


    Execution Region RW_IRAM1 (Exec base: 0x20000000, Load base: 0x080040b8, Size: 0x00000dc0, Max: 0x00080000, ABSOLUTE)

    Exec Addr    Load Addr    Size         Type   Attr      Idx    E Section Name        Object

    0x20000000   0x080040b8   0x00000004   Data   RW         1436    .data               mc_w.l(stdout.o)
    0x20000004   0x080040bc   0x00000004   Data   RW         1026    .data.SystemCoreClock  system_stm32f7xx.o
    0x20000008   0x080040c0   0x00000001   Data   RW          690    .data.uwTickFreq    stm32f7xx_hal.o
    0x20000009   0x080040c1   0x00000003   PAD
    0x2000000c   0x080040c4   0x00000004   Data   RW          689    .data.uwTickPrio    stm32f7xx_hal.o
    0x20000010        -       0x00000004   Zero   RW          102    .bss.Rx_Cir_BufHandle  usart.o
    0x20000014        -       0x00000001   Zero   RW          135    .bss.cmd_flag       stm32f7xx_it.o
    0x20000015        -       0x00000400   Zero   RW          104    .bss.dma_buf        usart.o
    0x20000415   0x080040c8   0x00000003   PAD
    0x20000418        -       0x00000060   Zero   RW          101    .bss.hdma_usart1_rx  usart.o
    0x20000478        -       0x00000054   Zero   RW           67    .bss.hi2c2          i2c.o
    0x200004cc        -       0x00000064   Zero   RW           82    .bss.hspi1          spi.o
    0x20000530        -       0x00000088   Zero   RW          100    .bss.huart1         usart.o
    0x200005b8        -       0x00000400   Zero   RW          103    .bss.rx_cir_buf     usart.o
    0x200009b8        -       0x00000002   Zero   RW           99    .bss.rx_len         usart.o
    0x200009ba   0x080040c8   0x00000002   PAD
    0x200009bc        -       0x00000004   Zero   RW          691    .bss.uwTick         stm32f7xx_hal.o
    0x200009c0        -       0x00000400   Zero   RW            1    STACK               startup_stm32f767xx.o


==============================================================================

Image component sizes


      Code (inc. data)   RO Data    RW Data    ZI Data      Debug   Object Name

      1030        164          0          0          0       3803   bsp_w25q256.o
       194          0          0          0          0       2130   circular_buf.o
        52          0          0          0          0       4020   dma.o
       180          0          0          0          0       2203   gpio.o
       254          0          0          0         84       6621   i2c.o
       528         88          0          0          0       3685   main.o
       192          0          0          0        100       5163   spi.o
        36          8        504          0       1024        808   startup_stm32f767xx.o
       180          0          0          5          4       8246   stm32f7xx_hal.o
       198          0          0          0          0      11668   stm32f7xx_hal_cortex.o
      1048          4          8          0          0       9743   stm32f7xx_hal_dma.o
       422          0          0          0          0       5205   stm32f7xx_hal_gpio.o
       168          0          0          0          0      64268   stm32f7xx_hal_i2c.o
       146          0          0          0          0       5574   stm32f7xx_hal_i2c_ex.o
        50          0          0          0          0       1494   stm32f7xx_hal_msp.o
        18          0          0          0          0       5288   stm32f7xx_hal_pwr.o
       118          0          0          0          0       5685   stm32f7xx_hal_pwr_ex.o
      1498          0          0          0          0       8359   stm32f7xx_hal_rcc.o
      1452          0          0          0          0       7503   stm32f7xx_hal_rcc_ex.o
      2402          0          0          0          0      23047   stm32f7xx_hal_spi.o
      3352         20         32          0          0      30889   stm32f7xx_hal_uart.o
       190          0          0          0          1       4647   stm32f7xx_it.o
       120          0          0          0          0       1722   system.o
        18          0         24          4          0       3280   system_stm32f7xx.o
       320          0          0          0       2286       9760   usart.o

    ----------------------------------------------------------------------
     14476        292        600         12       3504     234811   Object Totals
         0          0         32          0          0          0   (incl. Generated)
       310          8          0          3          5          0   (incl. Padding)

    ----------------------------------------------------------------------

      Code (inc. data)   RO Data    RW Data    ZI Data      Debug   Library Member Name

         0          0          0          0          0          0   entry.o
         0          0          0          0          0          0   entry10a.o
         0          0          0          0          0          0   entry11a.o
         8          4          0          0          0          0   entry2.o
         4          0          0          0          0          0   entry5.o
         0          0          0          0          0          0   entry7b.o
         0          0          0          0          0          0   entry8b.o
         8          4          0          0          0          0   entry9a.o
        30          0          0          0          0          0   handlers.o
        48         10          0          0          0         68   init.o
        30          0          0          0          0         68   llshl.o
        32          0          0          0          0         68   llushr.o
        36          0          0          0          0        108   memseta.o
      1154         54          0          0          0        352   printf8.o
        36          6          0          0          0         80   puts.o
         0          0          0          4          0          0   stdout.o
        98          0          0          0          0         92   uldiv.o

    ----------------------------------------------------------------------
      1492         82          0          4          0        836   Library Totals
         8          4          0          0          0          0   (incl. Padding)

    ----------------------------------------------------------------------

      Code (inc. data)   RO Data    RW Data    ZI Data      Debug   Library Name

      1484         78          0          4          0        836   mc_w.l

    ----------------------------------------------------------------------
      1492         82          0          4          0        836   Library Totals

    ----------------------------------------------------------------------

==============================================================================


      Code (inc. data)   RO Data    RW Data    ZI Data      Debug   

     15968        374        600         16       3504     235027   Grand Totals
     15968        374        600         16       3504     235027   ELF Image Totals
     15968        374        600         16          0          0   ROM Totals

==============================================================================

    Total RO  Size (Code + RO Data)                16568 (  16.18kB)
    Total RW  Size (RW Data + ZI Data)              3520 (   3.44kB)
    Total ROM Size (Code + RO Data + RW Data)      16584 (  16.20kB)

==============================================================================

